00000143 A num_got_entries
bc000000 T _start
bc000400 t reset
bc000684 t CPLL_READY
bc0006e8 t CPLL_DONE
bc000728 t LDO_1P8V
bc000740 t LDO_2P5V
bc000754 t DDRLDO_SOFT_START
bc000774 t LDO_DELAY
bc000798 t SET_RG_BUCK_FPWM
bc0007ac t DDR_PAD_CFG
bc00083c t MT7628_KN_PAD
bc000860 t MT7628_AN_DDR1_PAD
bc0008a4 t MT7628_AN_DDR2_PAD
bc0008d0 t SET_PAD_CFG
bc000948 t DDR_READY
bc000b0c t SDRAM_INIT_DOWN
bc000b14 t tRFCinit
bc000b98 T relocate_code
bc000bfc t in_ram
bc000c5c t romReserved
bc000c60 t romExcHandle
bc000c64 T init_cpu_pll
bc000dbc t CPLL_EXIT
bc000dc0 T SDR_CFG0_TBL
bc000de0 T SDR_CFG1_TBL
bc000e00 T DDR1_CFG0_TBL
bc000e28 T DDR1_CFG1_TBL
bc000e50 t DDR1_CFG2_TBL
bc000e78 t DDR1_CFG3_TBL
bc000ea0 t DDR1_CFG4_TBL
bc000ec8 T DDR2_CFG0_TBL
bc000ee8 T DDR2_CFG1_TBL
bc000f08 t DDR2_CFG2_TBL
bc000f28 t DDR2_CFG3_TBL
bc000f48 t DDR2_CFG4_TBL
bc000f68 T lock_dcache
bc000fc4 T unlock_dcache
bc00101c T fill_icache
bc001060 T sbrk
bc0010b0 t netHttpIPSet
bc0010e4 T board_init_f
bc0013bc T OperationSelect
bc00147c T tftp_config
bc001958 T trigger_hw_reset
bc001960 T ModifyMacAddress
bc001cb8 T CheckMacAddress
bc001da4 T config_usb_ehciohci
bc001ddc T disable_pcie
bc001e14 T led_on
bc001e1c T led_off
bc001e24 T detect_wps
bc001e80 T gpio_init
bc001f00 T led_op
bc001f08 T hang
bc001f38 T rw_rf_reg
bc002034 T do_rw_rf
bc002174 T dram_cali
bc0032dc T led_zigbee_err_on
bc0032e4 T led_zigbee_err_off
bc0032ec T my_view
bc0033e0 T misc_has_upgrade_flag
bc0034e0 T misc_clear_upgrade_flag
bc003564 T check_image_firmware_ok
bc00378c T copy_image_firmware
bc003794 T reset_board
bc003800 T check_image_validation_new
bc0039f4 T board_init_r
bc004b50 t mips_count_get
bc004b58 T timer_init
bc004b6c T get_timer
bc004bb0 T udelay
bc004c40 T mdelay
bc004c90 T NetSetEther
bc004d10 T ArpRequest
bc004e7c t startAgainTimeout
bc004e98 t startAgainHandler
bc004ea0 T NetSetTimeout
bc004f04 T NetSetHandler
bc004f1c T NetStartAgain
bc005010 T ArpTimeoutCheck
bc0050e0 T NetSendPacket
bc0050f8 T NetCksum
bc005140 T NetSetIP
bc0052b4 T NetSendUDPPacket
bc005480 T NetCksumOk
bc0054c0 T NetReceive
bc005abc T NetEthHdrSize
bc005ac4 T copy_filename
bc005b38 T ip_to_string
bc005bb8 T string_to_ip
bc005c7c T getenv_IPaddr
bc005cb8 T NetLoop
bc00609c T print_IPaddr
bc0060e0 T NetSendHttpd
bc006178 T NetReceiveHttpd
bc00625c T NetLoopHttpd
bc006700 T TftpSend
bc006920 t TftpHandler
bc006cd0 t TftpTimeout
bc006d64 T TftpStart
bc007010 T eth_parse_enetaddr
bc0070b0 T eth_register
bc00711c T eth_initialize
bc00735c T eth_try_another
bc007394 T eth_init
bc007444 T eth_halt
bc00749c T eth_send
bc0074d4 T eth_rx
bc007510 T HttpdHandler
bc00766c T HttpdStart
bc0076a4 T do_http_upgrade
bc007778 T do_http_progress
bc0079b0 T uip_init
bc007a4c T uip_unlisten
bc007aa8 T uip_listen
bc007b04 t uip_add_rcv_nxt
bc007b80 T uip_process
bc008bb0 T uip_add32
bc008c84 T uip_chksum
bc008cfc T uip_ipchksum
bc008d38 T uip_tcpchksum
bc008ea0 T uip_arp_init
bc008f20 T uip_arp_timer
bc008fe8 t uip_arp_update
bc0091c8 T uip_arp_ipin
bc009258 T uip_arp_arpin
bc0093d0 T uip_arp_out
bc009620 t httpd_download_progress
bc009698 T httpd_init
bc0096d4 t httpd_state_reset
bc009734 t httpd_findandstore_firstchunk
bc009a30 T httpd_appcall
bc00a320 T fs_open
bc00a3b8 T fs_init
bc00a3c0 T START_ETH
bc00a420 T STOP_ETH
bc00a488 T rt2880_free_buf_entry_dequeue
bc00a4bc t rt2880_free_buf_entry_enqueue
bc00a53c T rt2880_eth_initialize
bc00a784 T LANWANPartition
bc00a78c T isDMABusy
bc00a7fc t rt2880_eth_init
bc00ab18 T mt7628_ephy_init
bc00add4 T rt305x_esw_init
bc00af14 t rt2880_eth_send
bc00b114 t rt2880_eth_recv
bc00b300 T rt2880_eth_halt
bc00b318 t delete_char
bc00b470 T readline
bc00b754 T input_value
bc00b7f0 T enable_mdio
bc00b7f8 T mii_mgr_read
bc00b944 T mii_mgr_write
bc00ba8c T dump_phy_reg
bc00bc40 T rt2880_mdio_access
bc00c0f0 t bbu_spic_busy_wait
bc00c184 T spic_init
bc00c18c t bbu_mb_spic_trans
bc00c4d0 t bbu_spic_trans
bc00c810 t raspi_read_rg
bc00c860 t raspi_read_sr
bc00c880 t raspi_write_rg
bc00c8d4 t raspi_write_sr
bc00c8f4 t raspi_read_devid
bc00c990 t raspi_wait_ready
bc00ca94 t raspi_4byte_mode
bc00cd1c T chip_prob
bc00ce5c T raspi_init
bc00cea4 T raspi_erase
bc00d0b4 T raspi_read
bc00d238 T raspi_write
bc00d574 T raspi_erase_write
bc00d93c T do_mem_cp
bc00da80 T do_flerase
bc00dd74 T ralink_spi_command
bc00e380 T run_command
bc00e884 T main_loop
bc00e990 T do_go
bc00ea70 T print_image_hdr
bc00ee24 T do_bootm
bc00f440 T send_pad
bc00f498 T ktrans
bc00f4d4 T chk1
bc00f50c T s1_sendpacket
bc00f56c T send_ack
bc00f5f8 T send_nack
bc00f684 t bin_data_init
bc00f6b4 t bin_data_char
bc00f700 T k_data_init
bc00f720 T k_data_save
bc00f770 T k_data_restore
bc00f7c0 T k_data_char
bc00f864 T handle_send_packet
bc00fac4 T do_load_serial_bin
bc010120 T do_tftpb
bc010540 T cmd_get_data_size
bc0105f8 T do_mem_md
bc0108c8 T do_mem_base
bc010934 T do_mem_loop
bc010abc t mod_mem
bc010cc8 T do_mem_nm
bc010d10 T do_mem_mm
bc010d60 t envmatch
bc010e04 T do_printenv
bc011074 T _do_setenv
bc011764 T setenv
bc0117b8 T do_setenv
bc01182c T getenv
bc011904 T do_saveenv
bc011960 T do_version
bc0119a0 T find_cmd
bc011ac0 T do_help
bc011d50 t console_setfile
bc011e38 T serial_printf
bc011e90 T fgetc
bc011ec8 T ftstc
bc011f00 T fputc
bc011f44 T fputs
bc011f84 T fprintf
bc011fe4 T getc
bc012024 T tstc
bc012064 T putc
bc0120ac T puts
bc0120ec T printf
bc012144 T vprintf
bc012190 T ctrlc
bc012214 T disable_ctrlc
bc012230 T had_ctrlc
bc012248 T clear_ctrlc
bc012260 T dbg
bc012270 T console_assign
bc01238c T console_init_f
bc01239c T console_init_r
bc012510 T device_register
bc012554 T devices_init
bc012650 T devices_done
bc012690 T malloc_bin_reloc
bc0126d0 t do_check_chunk
bc0126d8 t do_check_free_chunk
bc0126e0 t do_check_inuse_chunk
bc0126e8 t do_check_malloced_chunk
bc0126f0 T malloc_trim
bc012818 T free
bc012a8c T malloc
bc0131d8 T realloc
bc01374c T memalign
bc0138e4 T valloc
bc013900 T pvalloc
bc013924 T calloc
bc013a38 T cfree
bc013a50 T malloc_usable_size
bc013aa8 T mallopt
bc013b40 T env_crc_update
bc013b90 t env_get_char_init
bc013bdc T env_get_char_memory
bc013c10 T env_get_addr
bc013c40 T env_relocate
bc013d30 t dummy
bc013d38 T get_version
bc013d40 T jumptable_init
bc013de0 T NewHandle
bc013e8c T DisposeHandle
bc013ee8 T GetHandleSize
bc013ef0 T SetHandleSize
bc013fb8 T ListCreate
bc014028 T ListDispose
bc014040 T ListInsertItems
bc01428c T ListInsertItem
bc0142a4 T ListGetPtrToItem
bc0142e4 T ListNumItems
bc0142f0 T env_get_char_spec
bc014300 T env_init
bc014324 T spi_env_init
bc0143f0 T saveenv
bc01454c T env_relocate_spec
bc014580 T crc32
bc0147a0 T display_options
bc0147e0 T print_size
bc0148f0 T strchr
bc01492c T strlen
bc014950 T strrchr
bc0149c8 T strnlen
bc014a04 T memset
bc014a30 T memcpy
bc014a60 T memmove
bc014adc T memcmp
bc014b0c T strstr
bc014bd0 T simple_strtoul
bc014cc4 T simple_strtol
bc014d14 t skip_atoi
bc014d74 t number
bc014fe8 T vsprintf
bc015544 T sprintf
bc015580 T RangeDecoderReadByte
bc0155b4 T RangeDecoderInit
bc01563c T RangeDecoderDecodeDirectBits
bc0156f8 T RangeDecoderBitDecode
bc01580c T RangeDecoderBitTreeDecode
bc0158a0 T RangeDecoderReverseBitTreeDecode
bc015944 T LzmaLiteralDecode
bc0159b4 T LzmaLiteralDecodeMatch
bc015a8c T LzmaLenDecode
bc015b78 T LzmaDecode
bc015fec T lzmaBuffToBuffDecompress
bc016200 T get_ram_size
bc016334 T initdram
bc016370 T checkboard
bc0163b0 T serial_setbrg
bc016414 T serial_init
bc01644c T serial_putc
bc0164a0 T serial_tstc
bc0164b4 T serial_getc
bc0164d8 T serial_puts
bc016530 T do_reset
bc016548 T flush_cache
bc016550 t linux_env_set
bc016678 T do_bootm_linux
bc016e60 R version_string
bc016e88 r __func__.0
bc016f40 r data_vt_png
bc017da4 r data_style_css
bc017f50 r data_index_html
bc018364 r data_flashing_html
bc018974 r data_fail_html
bc018bac r data_404_html
bc018de0 r __func__.2
bc018df4 r __func__.8
bc018e08 r __func__.1
bc018e34 r __func__.4
bc018e44 r __func__.3
bc018e54 r __func__.0
bc018e68 r __func__.9
bc018e7c r __func__.10
bc018e90 r __func__.6
bc018ea0 r __func__.11
bc018eac r __func__.7
bc018eb8 r __func__.5
bc018f90 r baudrate_table
bc018fb0 r p.0
bc01c8b0 d gHttpIP
bc01c8c0 D NetBcastAddr
bc01c8d0 D uip_ethaddr
bc01c8e0 d eol
bc01c8e4 d eol2
bc01c8f0 d tab_seq
bc01c8fc d erase_seq
bc01c900 D stm_opcodes
bc01c940 D load_addr
bc01c950 D dp_last_length
bc01c960 d mmap_threshold
bc01c964 d trim_threshold
bc01c968 d sbrk_base
bc01c970 D default_environment
bc01c9e0 d flash_addr
bc01c9f0 d crc_table_empty
bc01ca00 D _ctype
bc01cb00 D file_vt_png
bc01cb10 D file_style_css
bc01cb20 D file_index_html
bc01cb30 D file_flashing_html
bc01cb40 D file_fail_html
bc01cb50 D file_404_html
bc01cb60 d chips_data
bc01cf50 D stdio_names
bc01cf5c d av_
bc01d364 D env_get_char
bc01d368 D env_name_spec
bc01d370 A _gp
bc01d370 D _GLOBAL_OFFSET_TABLE_
bc01d370 D __got_start
bc01d87c A __u_boot_cmd_start
bc01d87c D __got_end
bc01d87c D __u_boot_cmd_rf
bc01d894 D __u_boot_cmd_mdio
bc01d8ac D __u_boot_cmd_spi
bc01d8c4 D __u_boot_cmd_erase
bc01d8dc D __u_boot_cmd_cp
bc01d8f4 D __u_boot_cmd_reset
bc01d90c D __u_boot_cmd_go
bc01d924 D __u_boot_cmd_bootm
bc01d93c D __u_boot_cmd_loadb
bc01d954 D __u_boot_cmd_tftpboot
bc01d96c D __u_boot_cmd_nm
bc01d984 D __u_boot_cmd_mm
bc01d99c D __u_boot_cmd_md
bc01d9b4 D __u_boot_cmd_saveenv
bc01d9cc D __u_boot_cmd_setenv
bc01d9e4 D __u_boot_cmd_printenv
bc01d9fc D __u_boot_cmd_question_mark
bc01da14 D __u_boot_cmd_help
bc01da2c D __u_boot_cmd_version
bc01da44 A __u_boot_cmd_end
bc01da44 A uboot_end_data
bc01da60 B modifies
bc01da64 b auto_load
bc01da68 b mem_malloc_start
bc01da6c b mem_malloc_end
bc01da70 b mem_malloc_brk
bc01da74 b file_name_space
bc01db00 B NetTxPacket
bc01db04 B NetEtherNullAddr
bc01db0c B NetServerEther
bc01db12 B NetBootFileSize
bc01db14 B NetOurRootPath
bc01db54 B NetOurHostName
bc01db74 B NetOurNISDomain
bc01db94 B NetOurDNSIP
bc01db98 B NetOurGatewayIP
bc01db9c B NetOurSubnetMask
bc01dba0 B webfailsafe_upgrade_type
bc01dba4 B webfailsafe_ready_for_upgrade
bc01dba8 B webfailsafe_is_running
bc01dbac B webfailsafe_data_pointer
bc01dbb0 b packetHandler
bc01dbb4 b timeHandler
bc01dbb8 b timeStart
bc01dbbc b timeDelta
bc01dbc0 b TftpServerPort
bc01dbc4 b TftpOurPort
bc01dbc8 b TftpTimeoutCount
bc01dbcc b TftpBlock
bc01dbd0 b TftpLastBlock
bc01dbd4 b TftpBlockWrap
bc01dbd8 b TftpBlockWrapOffset
bc01dbdc b TftpState
bc01dbe0 b default_filename
bc01dbf0 b tftp_filename
bc01dc00 b first_failed.0
bc01dc04 b eth_devices
bc01dc08 b eth_current
bc01dc10 b arptimer
bc01dc20 b ipid
bc01dc24 b iss
bc01dc28 b c
bc01dc29 b opt
bc01dc2a b tmp16
bc01dc30 b arp_table
bc01dc48 b ipaddr
bc01dc4c b i
bc01dc4d b c
bc01dc4e b arptime
bc01dc4f b tmpage
bc01dc50 b webfailsafe_upload_failed
bc01dc54 b webfailsafe_post_done
bc01dc58 b data_start_found
bc01dc5c b post_packet_counter
bc01dc60 b boundary_value
bc01dc80 b rt2880_free_buf
bc01df60 b tx_ring0_cache
bc01e0e0 b rx_ring_cache
bc01e260 b rx_dma_owner_idx0
bc01e264 b rx_wants_alloc_idx0
bc01e268 b tx_cpu_owner_idx0
bc01e26c b rx_ring
bc01e270 b tx_ring0
bc01e274 b rxRingSize
bc01e275 b txRingSize
bc01e278 b rt2880_eth_initd
bc01e27c b PKT_HEADER_Buf_Pool
bc034ac0 B spi_chip_info
bc034ad0 b lastcommand.0
bc034bd0 b a_b
bc034be8 b os_data_state
bc034bec b os_data_state_saved
bc034bf0 b os_data_count_saved
bc034bf4 b os_data_addr
bc034bf8 b os_data_addr_saved
bc034bfc b bin_start_address
bc034c00 b k_data_escape
bc034c04 b k_data_escape_saved
bc034c10 b base_address
bc034c20 b ctrlc_was_pressed
bc034c24 b ctrlc_disabled
bc034c30 B stdio_devices
bc034c3c B devlist
bc034c40 b n_mmaps_max
bc034c44 b top_pad
bc034c48 b current_mallinfo
bc034c70 b max_total_mem
bc034c74 b mmapped_mem
bc034c78 b max_sbrked_mem
bc034c80 b crc_table
bc035080 b linux_argc
bc035084 b linux_argv
bc035088 b linux_env
bc03508c b linux_env_p
bc035090 b linux_env_idx
bc0350a0 B gd_data
bc0350c4 B load_addr_str
bc0350d0 B Pkt_Buf_Pool
bc04c510 B NetRxPackets
bc04c600 B BootFile
bc04c680 B NetArpWaitPacketBuf
bc04ccc0 B uip_conns
bc04cd18 B uip_buf
bc04d2f8 B console_buffer
bc04d3f8 B RxPktBuf
bc063bf8 B console_history
bc0645f8 B header
bc064638 B os_data_header
bc064658 B send_parms
bc06466c A uboot_end
bc06466c C monitor_flash_len
bc064670 C mips_bus_feq
bc064674 C mips_cpu_feq
bc064678 C NetArpWaitTry
bc06467c C NetArpWaitPacketMAC
bc064680 C NetOurEther
bc064688 C NetOurIP
bc06468c C NetServerIP
bc064690 C NetArpWaitTxPacketSize
bc064694 C NetArpWaitReplyIP
bc064698 C NetArpWaitTxPacket
bc06469c C NetArpWaitPacketIP
bc0646a0 C NetState
bc0646a4 C NetIPID
bc0646a8 C NetRxPkt
bc0646ac C NetRxPktLen
bc0646b0 C NetBootFileXferSize
bc0646b4 C PktBuf
bc0646b8 C NetArpWaitTimerStart
bc0646bc C TftpStarted
bc0646c0 C uip_len
bc0646c4 C uip_sappdata
bc0646c8 C uip_acc32
bc0646cc C uip_flags
bc0646d0 C uip_appdata
bc0646d4 C uip_conn
bc0646d8 C uip_arp_netmask
bc0646dc C uip_listenports
bc0646de C uip_surglen
bc0646e0 C uip_urgdata
bc0646e4 C uip_hostaddr
bc0646e8 C uip_arp_draddr
bc0646ec C uip_urglen
bc0646ee C uip_slen
bc0646f0 C hs
bc0646f4 C rt2880_free_buf_list
bc0646fc C PKT_HEADER_Buf
bc064700 C rt2880_pdev
bc064704 C rt2880_busing_buf_list
bc06470c C his_pad_char
bc064710 C os_data_count
bc064714 C os_data_init
bc064718 C send_ptr
bc06471c C os_data_char
bc064720 C his_eol
bc064721 C his_quote
bc064724 C his_pad_count
bc064728 C dp_last_size
bc06472c C dp_last_addr
bc064730 C mm_last_size
bc064734 C mm_last_addr
bc064738 C env_ptr
bc06473c C ___strtok
