Archive member included because of file (symbol)

lib_mips/libmips.a(board.o)   (__u_boot_cmd_rf)
lib_mips/libmips.a(time.o)    lib_mips/libmips.a(board.o) (timer_init)
net/libnet.a(net.o)           lib_mips/libmips.a(board.o) (copy_filename)
net/libnet.a(tftp.o)          net/libnet.a(net.o) (TftpSend)
net/libnet.a(eth.o)           lib_mips/libmips.a(board.o) (eth_initialize)
net/libnet.a(httpd.o)         net/libnet.a(net.o) (HttpdHandler)
httpd/libhttpd.a(uip.o)       net/libnet.a(httpd.o) (uip_init)
httpd/libhttpd.a(uip_arch.o)  httpd/libhttpd.a(uip.o) (uip_add32)
httpd/libhttpd.a(uip_arp.o)   net/libnet.a(net.o) (uip_ethaddr)
httpd/libhttpd.a(httpd.o)     net/libnet.a(httpd.o) (httpd_init)
httpd/libhttpd.a(fs.o)        httpd/libhttpd.a(httpd.o) (file_index_html)
drivers/libdrivers.a(rt2880_eth.o)
                              net/libnet.a(net.o) (rt2880_free_buf_entry_dequeue)
drivers/libdrivers.a(mii_mgr.o)
                              (__u_boot_cmd_mdio)
drivers/libdrivers.a(spi_rt6855A_flash.o)
                              (__u_boot_cmd_spi)
common/libcommon.a(main.o)    lib_mips/libmips.a(board.o) (run_command)
common/libcommon.a(cmd_boot.o)
                              (__u_boot_cmd_reset)
common/libcommon.a(cmd_bootm.o)
                              (__u_boot_cmd_bootm)
common/libcommon.a(cmd_load.o)
                              (__u_boot_cmd_loadb)
common/libcommon.a(cmd_net.o)
                              (__u_boot_cmd_tftpboot)
common/libcommon.a(cmd_mem.o)
                              (__u_boot_cmd_nm)
common/libcommon.a(cmd_nvedit.o)
                              (__u_boot_cmd_saveenv)
common/libcommon.a(command.o)
                              (__u_boot_cmd_question_mark)
common/libcommon.a(console.o)
                              lib_mips/libmips.a(board.o) (printf)
common/libcommon.a(devices.o)
                              common/libcommon.a(console.o) (stdio_names)
common/libcommon.a(dlmalloc.o)
                              lib_mips/libmips.a(board.o) (malloc_bin_reloc)
common/libcommon.a(env_common.o)
                              common/libcommon.a(cmd_nvedit.o) (env_get_char)
common/libcommon.a(exports.o)
                              lib_mips/libmips.a(board.o) (jumptable_init)
common/libcommon.a(lists.o)   common/libcommon.a(devices.o) (ListCreate)
common/libcommon.a(env_spi.o)
                              lib_mips/libmips.a(board.o) (env_name_spec)
lib_generic/libgeneric.a(crc32.o)
                              lib_mips/libmips.a(board.o) (crc32)
lib_generic/libgeneric.a(display_options.o)
                              lib_mips/libmips.a(board.o) (print_size)
lib_generic/libgeneric.a(string.o)
                              common/libcommon.a(command.o) (strchr)
lib_generic/libgeneric.a(vsprintf.o)
                              lib_mips/libmips.a(board.o) (simple_strtoul)
lib_generic/libgeneric.a(LzmaDecode.o)
                              common/libcommon.a(cmd_bootm.o) (lzmaBuffToBuffDecompress)
lib_generic/libgeneric.a(ctype.o)
                              lib_generic/libgeneric.a(vsprintf.o) (_ctype)
board/rt2880/librt2880.a(rt2880.o)
                              lib_mips/libmips.a(board.o) (initdram)
board/rt2880/librt2880.a(serial.o)
                              common/libcommon.a(cmd_load.o) (serial_setbrg)
cpu/ralink_soc/libralink_soc.a(cpu.o)
                              lib_mips/libmips.a(board.o) (do_reset)
lib_mips/libmips.a(mips_linux.o)
                              common/libcommon.a(cmd_bootm.o) (do_bootm_linux)

Allocating common symbols
Common symbol       size              file

dp_last_size        0x4               common/libcommon.a(cmd_mem.o)
console_buffer      0x100             drivers/libdrivers.a(rt2880_eth.o)
NetArpWaitTry       0x4               net/libnet.a(net.o)
NetArpWaitPacketMAC
                    0x4               net/libnet.a(net.o)
NetOurEther         0x6               net/libnet.a(net.o)
uip_len             0x2               httpd/libhttpd.a(uip.o)
NetOurIP            0x4               net/libnet.a(net.o)
NetServerIP         0x4               net/libnet.a(net.o)
monitor_flash_len   0x4               lib_mips/libmips.a(board.o)
hs                  0x4               httpd/libhttpd.a(httpd.o)
Pkt_Buf_Pool        0x17440           net/libnet.a(net.o)
___strtok           0x4               lib_generic/libgeneric.a(string.o)
NetArpWaitTxPacketSize
                    0x4               net/libnet.a(net.o)
NetArpWaitReplyIP   0x4               net/libnet.a(net.o)
uip_sappdata        0x4               httpd/libhttpd.a(uip.o)
NetRxPackets        0xf0              net/libnet.a(net.o)
NetArpWaitTxPacket  0x4               net/libnet.a(net.o)
uip_acc32           0x4               httpd/libhttpd.a(uip.o)
rt2880_free_buf_list
                    0x8               drivers/libdrivers.a(rt2880_eth.o)
PKT_HEADER_Buf      0x4               drivers/libdrivers.a(rt2880_eth.o)
NetArpWaitPacketIP  0x4               net/libnet.a(net.o)
NetState            0x4               net/libnet.a(net.o)
uip_flags           0x1               httpd/libhttpd.a(uip.o)
BootFile            0x80              net/libnet.a(net.o)
rt2880_pdev         0x4               drivers/libdrivers.a(rt2880_eth.o)
dp_last_addr        0x4               common/libcommon.a(cmd_mem.o)
his_pad_char        0x1               common/libcommon.a(cmd_load.o)
env_ptr             0x4               common/libcommon.a(env_spi.o)
os_data_count       0x4               common/libcommon.a(cmd_load.o)
mm_last_size        0x4               common/libcommon.a(cmd_mem.o)
os_data_init        0x4               common/libcommon.a(cmd_load.o)
mips_bus_feq        0x4               lib_mips/libmips.a(board.o)
mm_last_addr        0x4               common/libcommon.a(cmd_mem.o)
rt2880_busing_buf_list
                    0x8               drivers/libdrivers.a(rt2880_eth.o)
NetIPID             0x4               net/libnet.a(net.o)
send_ptr            0x4               common/libcommon.a(cmd_load.o)
mips_cpu_feq        0x4               lib_mips/libmips.a(board.o)
uip_appdata         0x4               httpd/libhttpd.a(uip.o)
uip_conn            0x4               httpd/libhttpd.a(uip.o)
NetRxPkt            0x4               net/libnet.a(net.o)
uip_conns           0x58              httpd/libhttpd.a(uip.o)
os_data_header      0x20              common/libcommon.a(cmd_load.o)
uip_arp_netmask     0x4               httpd/libhttpd.a(uip.o)
os_data_char        0x4               common/libcommon.a(cmd_load.o)
gd_data             0x24              lib_mips/libmips.a(board.o)
NetArpWaitPacketBuf
                    0x640             net/libnet.a(net.o)
TftpStarted         0x4               net/libnet.a(tftp.o)
uip_listenports     0x2               httpd/libhttpd.a(uip.o)
RxPktBuf            0x16800           drivers/libdrivers.a(rt2880_eth.o)
his_eol             0x1               common/libcommon.a(cmd_load.o)
header              0x40              common/libcommon.a(cmd_bootm.o)
NetRxPktLen         0x4               net/libnet.a(net.o)
uip_surglen         0x1               httpd/libhttpd.a(uip.o)
his_quote           0x1               common/libcommon.a(cmd_load.o)
NetBootFileXferSize
                    0x4               net/libnet.a(net.o)
console_history     0xa00             common/libcommon.a(main.o)
PktBuf              0x4               net/libnet.a(net.o)
send_parms          0x14              common/libcommon.a(cmd_load.o)
uip_urgdata         0x4               httpd/libhttpd.a(uip.o)
uip_hostaddr        0x4               httpd/libhttpd.a(uip.o)
load_addr_str       0x9               lib_mips/libmips.a(board.o)
uip_arp_draddr      0x4               httpd/libhttpd.a(uip.o)
his_pad_count       0x4               common/libcommon.a(cmd_load.o)
uip_urglen          0x1               httpd/libhttpd.a(uip.o)
uip_buf             0x5de             httpd/libhttpd.a(uip.o)
uip_slen            0x2               httpd/libhttpd.a(uip.o)
NetArpWaitTimerStart
                    0x4               net/libnet.a(net.o)

Memory Configuration

Name             Origin             Length             Attributes
*default*        0x0000000000000000 0xffffffffffffffff

Linker script and memory map

                0x0000000000000000                . = 0x0
                0x0000000000000000                . = ALIGN (0x4)

.text           0x00000000bc000000    0x16e60
 *(.text)
 .text          0x00000000bc000000     0x1060 cpu/ralink_soc/start.o
                0x00000000bc000ec8                DDR2_CFG0_TBL
                0x00000000bc000b98                relocate_code
                0x00000000bc00101c                fill_icache
                0x00000000bc000dc0                SDR_CFG0_TBL
                0x00000000bc000fc4                unlock_dcache
                0x00000000bc000e28                DDR1_CFG1_TBL
                0x00000000bc000000                _start
                0x00000000bc000e00                DDR1_CFG0_TBL
                0x00000000bc000ee8                DDR2_CFG1_TBL
                0x00000000bc000f68                lock_dcache
                0x00000000bc000c64                init_cpu_pll
                0x00000000bc000de0                SDR_CFG1_TBL
 .text          0x00000000bc001060     0x3af0 lib_mips/libmips.a(board.o)
                0x00000000bc002034                do_rw_rf
                0x00000000bc001f08                hang
                0x00000000bc0032ec                my_view
                0x00000000bc001f38                rw_rf_reg
                0x00000000bc0039f4                board_init_r
                0x00000000bc0032e4                led_zigbee_err_off
                0x00000000bc003800                check_image_validation_new
                0x00000000bc001e14                led_on
                0x00000000bc00378c                copy_image_firmware
                0x00000000bc0013bc                OperationSelect
                0x00000000bc0033e0                misc_has_upgrade_flag
                0x00000000bc001060                sbrk
                0x00000000bc001ddc                disable_pcie
                0x00000000bc003794                reset_board
                0x00000000bc001cb8                CheckMacAddress
                0x00000000bc0034e0                misc_clear_upgrade_flag
                0x00000000bc001960                ModifyMacAddress
                0x00000000bc001e1c                led_off
                0x00000000bc0010e4                board_init_f
                0x00000000bc00147c                tftp_config
                0x00000000bc001da4                config_usb_ehciohci
                0x00000000bc0032dc                led_zigbee_err_on
                0x00000000bc001958                trigger_hw_reset
                0x00000000bc001e24                detect_wps
                0x00000000bc001f00                led_op
                0x00000000bc002174                dram_cali
                0x00000000bc001e80                gpio_init
                0x00000000bc003564                check_image_firmware_ok
 .text          0x00000000bc004b50      0x140 lib_mips/libmips.a(time.o)
                0x00000000bc004c40                mdelay
                0x00000000bc004b6c                get_timer
                0x00000000bc004b58                timer_init
                0x00000000bc004bb0                udelay
 .text          0x00000000bc004c90     0x1a70 net/libnet.a(net.o)
                0x00000000bc005c7c                getenv_IPaddr
                0x00000000bc005480                NetCksumOk
                0x00000000bc004ea0                NetSetTimeout
                0x00000000bc005ac4                copy_filename
                0x00000000bc005abc                NetEthHdrSize
                0x00000000bc005b38                ip_to_string
                0x00000000bc005010                ArpTimeoutCheck
                0x00000000bc0054c0                NetReceive
                0x00000000bc00625c                NetLoopHttpd
                0x00000000bc005bb8                string_to_ip
                0x00000000bc0052b4                NetSendUDPPacket
                0x00000000bc00609c                print_IPaddr
                0x00000000bc004c90                NetSetEther
                0x00000000bc006178                NetReceiveHttpd
                0x00000000bc005cb8                NetLoop
                0x00000000bc004d10                ArpRequest
                0x00000000bc0050f8                NetCksum
                0x00000000bc005140                NetSetIP
                0x00000000bc0060e0                NetSendHttpd
                0x00000000bc004f1c                NetStartAgain
                0x00000000bc004f04                NetSetHandler
                0x00000000bc0050e0                NetSendPacket
 .text          0x00000000bc006700      0x910 net/libnet.a(tftp.o)
                0x00000000bc006700                TftpSend
                0x00000000bc006d64                TftpStart
 .text          0x00000000bc007010      0x500 net/libnet.a(eth.o)
                0x00000000bc007444                eth_halt
                0x00000000bc0070b0                eth_register
                0x00000000bc007010                eth_parse_enetaddr
                0x00000000bc00735c                eth_try_another
                0x00000000bc00711c                eth_initialize
                0x00000000bc0074d4                eth_rx
                0x00000000bc007394                eth_init
                0x00000000bc00749c                eth_send
 .text          0x00000000bc007510      0x4a0 net/libnet.a(httpd.o)
                0x00000000bc007778                do_http_progress
                0x00000000bc00766c                HttpdStart
                0x00000000bc007510                HttpdHandler
                0x00000000bc0076a4                do_http_upgrade
 .text          0x00000000bc0079b0     0x1200 httpd/libhttpd.a(uip.o)
                0x00000000bc007a4c                uip_unlisten
                0x00000000bc007b80                uip_process
                0x00000000bc007aa8                uip_listen
                0x00000000bc0079b0                uip_init
 .text          0x00000000bc008bb0      0x2f0 httpd/libhttpd.a(uip_arch.o)
                0x00000000bc008bb0                uip_add32
                0x00000000bc008cfc                uip_ipchksum
                0x00000000bc008d38                uip_tcpchksum
                0x00000000bc008c84                uip_chksum
 .text          0x00000000bc008ea0      0x780 httpd/libhttpd.a(uip_arp.o)
                0x00000000bc0093d0                uip_arp_out
                0x00000000bc009258                uip_arp_arpin
                0x00000000bc008f20                uip_arp_timer
                0x00000000bc008ea0                uip_arp_init
                0x00000000bc0091c8                uip_arp_ipin
 .text          0x00000000bc009620      0xd00 httpd/libhttpd.a(httpd.o)
                0x00000000bc009698                httpd_init
                0x00000000bc009a30                httpd_appcall
 .text          0x00000000bc00a320       0xa0 httpd/libhttpd.a(fs.o)
                0x00000000bc00a320                fs_open
                0x00000000bc00a3b8                fs_init
 .text          0x00000000bc00a3c0     0x1430 drivers/libdrivers.a(rt2880_eth.o)
                0x00000000bc00a53c                rt2880_eth_initialize
                0x00000000bc00a488                rt2880_free_buf_entry_dequeue
                0x00000000bc00add4                rt305x_esw_init
                0x00000000bc00b470                readline
                0x00000000bc00b754                input_value
                0x00000000bc00a420                STOP_ETH
                0x00000000bc00ab18                mt7628_ephy_init
                0x00000000bc00a784                LANWANPartition
                0x00000000bc00a78c                isDMABusy
                0x00000000bc00a3c0                START_ETH
                0x00000000bc00b300                rt2880_eth_halt
 .text          0x00000000bc00b7f0      0x900 drivers/libdrivers.a(mii_mgr.o)
                0x00000000bc00ba8c                dump_phy_reg
                0x00000000bc00b944                mii_mgr_write
                0x00000000bc00b7f8                mii_mgr_read
                0x00000000bc00b7f0                enable_mdio
                0x00000000bc00bc40                rt2880_mdio_access
 .text          0x00000000bc00c0f0     0x2290 drivers/libdrivers.a(spi_rt6855A_flash.o)
                0x00000000bc00d0b4                raspi_read
                0x00000000bc00c184                spic_init
                0x00000000bc00d93c                do_mem_cp
                0x00000000bc00dd74                ralink_spi_command
                0x00000000bc00ce5c                raspi_init
                0x00000000bc00da80                do_flerase
                0x00000000bc00cd1c                chip_prob
                0x00000000bc00cea4                raspi_erase
                0x00000000bc00d238                raspi_write
                0x00000000bc00d574                raspi_erase_write
 .text          0x00000000bc00e380      0x610 common/libcommon.a(main.o)
                0x00000000bc00e380                run_command
                0x00000000bc00e884                main_loop
 .text          0x00000000bc00e990       0xe0 common/libcommon.a(cmd_boot.o)
                0x00000000bc00e990                do_go
 .text          0x00000000bc00ea70      0x9d0 common/libcommon.a(cmd_bootm.o)
                0x00000000bc00ea70                print_image_hdr
                0x00000000bc00ee24                do_bootm
 .text          0x00000000bc00f440      0xce0 common/libcommon.a(cmd_load.o)
                0x00000000bc00f700                k_data_init
                0x00000000bc00f50c                s1_sendpacket
                0x00000000bc00f864                handle_send_packet
                0x00000000bc00f770                k_data_restore
                0x00000000bc00f5f8                send_nack
                0x00000000bc00fac4                do_load_serial_bin
                0x00000000bc00f7c0                k_data_char
                0x00000000bc00f4d4                chk1
                0x00000000bc00f720                k_data_save
                0x00000000bc00f498                ktrans
                0x00000000bc00f440                send_pad
                0x00000000bc00f56c                send_ack
 .text          0x00000000bc010120      0x420 common/libcommon.a(cmd_net.o)
                0x00000000bc010120                do_tftpb
 .text          0x00000000bc010540      0x820 common/libcommon.a(cmd_mem.o)
                0x00000000bc0108c8                do_mem_base
                0x00000000bc010cc8                do_mem_nm
                0x00000000bc010d10                do_mem_mm
                0x00000000bc010540                cmd_get_data_size
                0x00000000bc010934                do_mem_loop
                0x00000000bc0105f8                do_mem_md
 .text          0x00000000bc010d60      0xc00 common/libcommon.a(cmd_nvedit.o)
                0x00000000bc01182c                getenv
                0x00000000bc011074                _do_setenv
                0x00000000bc010e04                do_printenv
                0x00000000bc011764                setenv
                0x00000000bc011904                do_saveenv
                0x00000000bc0117b8                do_setenv
 .text          0x00000000bc011960      0x3f0 common/libcommon.a(command.o)
                0x00000000bc0119a0                find_cmd
                0x00000000bc011ac0                do_help
                0x00000000bc011960                do_version
 .text          0x00000000bc011d50      0x7c0 common/libcommon.a(console.o)
                0x00000000bc01239c                console_init_r
                0x00000000bc0120ec                printf
                0x00000000bc012270                console_assign
                0x00000000bc011fe4                getc
                0x00000000bc0120ac                puts
                0x00000000bc012260                dbg
                0x00000000bc011e38                serial_printf
                0x00000000bc011ec8                ftstc
                0x00000000bc011f84                fprintf
                0x00000000bc012024                tstc
                0x00000000bc012144                vprintf
                0x00000000bc012190                ctrlc
                0x00000000bc012064                putc
                0x00000000bc012214                disable_ctrlc
                0x00000000bc011e90                fgetc
                0x00000000bc012230                had_ctrlc
                0x00000000bc011f00                fputc
                0x00000000bc01238c                console_init_f
                0x00000000bc012248                clear_ctrlc
                0x00000000bc011f44                fputs
 .text          0x00000000bc012510      0x180 common/libcommon.a(devices.o)
                0x00000000bc012510                device_register
                0x00000000bc012650                devices_done
                0x00000000bc012554                devices_init
 .text          0x00000000bc012690     0x14b0 common/libcommon.a(dlmalloc.o)
                0x00000000bc012a8c                malloc
                0x00000000bc013900                pvalloc
                0x00000000bc013924                calloc
                0x00000000bc013a50                malloc_usable_size
                0x00000000bc0131d8                realloc
                0x00000000bc0126f0                malloc_trim
                0x00000000bc012690                malloc_bin_reloc
                0x00000000bc013aa8                mallopt
                0x00000000bc01374c                memalign
                0x00000000bc013a38                cfree
                0x00000000bc0138e4                valloc
                0x00000000bc012818                free
 .text          0x00000000bc013b40      0x1f0 common/libcommon.a(env_common.o)
                0x00000000bc013c10                env_get_addr
                0x00000000bc013c40                env_relocate
                0x00000000bc013b40                env_crc_update
                0x00000000bc013bdc                env_get_char_memory
 .text          0x00000000bc013d30       0xb0 common/libcommon.a(exports.o)
                0x00000000bc013d40                jumptable_init
                0x00000000bc013d38                get_version
 .text          0x00000000bc013de0      0x510 common/libcommon.a(lists.o)
                0x00000000bc013e8c                DisposeHandle
                0x00000000bc014028                ListDispose
                0x00000000bc014040                ListInsertItems
                0x00000000bc013de0                NewHandle
                0x00000000bc013ef0                SetHandleSize
                0x00000000bc01428c                ListInsertItem
                0x00000000bc013ee8                GetHandleSize
                0x00000000bc0142e4                ListNumItems
                0x00000000bc0142a4                ListGetPtrToItem
                0x00000000bc013fb8                ListCreate
 .text          0x00000000bc0142f0      0x290 common/libcommon.a(env_spi.o)
                0x00000000bc01454c                env_relocate_spec
                0x00000000bc0143f0                saveenv
                0x00000000bc0142f0                env_get_char_spec
                0x00000000bc014324                spi_env_init
                0x00000000bc014300                env_init
 .text          0x00000000bc014580      0x220 lib_generic/libgeneric.a(crc32.o)
                0x00000000bc014580                crc32
 .text          0x00000000bc0147a0      0x150 lib_generic/libgeneric.a(display_options.o)
                0x00000000bc0147a0                display_options
                0x00000000bc0147e0                print_size
 .text          0x00000000bc0148f0      0x2e0 lib_generic/libgeneric.a(string.o)
                0x00000000bc014a60                memmove
                0x00000000bc014a30                memcpy
                0x00000000bc0149c8                strnlen
                0x00000000bc014950                strrchr
                0x00000000bc014b0c                strstr
                0x00000000bc014adc                memcmp
                0x00000000bc014a04                memset
                0x00000000bc01492c                strlen
                0x00000000bc0148f0                strchr
 .text          0x00000000bc014bd0      0x9b0 lib_generic/libgeneric.a(vsprintf.o)
                0x00000000bc014fe8                vsprintf
                0x00000000bc014cc4                simple_strtol
                0x00000000bc015544                sprintf
                0x00000000bc014bd0                simple_strtoul
 .text          0x00000000bc015580      0xc80 lib_generic/libgeneric.a(LzmaDecode.o)
                0x00000000bc0155b4                RangeDecoderInit
                0x00000000bc015fec                lzmaBuffToBuffDecompress
                0x00000000bc01563c                RangeDecoderDecodeDirectBits
                0x00000000bc01580c                RangeDecoderBitTreeDecode
                0x00000000bc015944                LzmaLiteralDecode
                0x00000000bc0156f8                RangeDecoderBitDecode
                0x00000000bc0158a0                RangeDecoderReverseBitTreeDecode
                0x00000000bc015a8c                LzmaLenDecode
                0x00000000bc015b78                LzmaDecode
                0x00000000bc015580                RangeDecoderReadByte
                0x00000000bc0159b4                LzmaLiteralDecodeMatch
 .text          0x00000000bc016200      0x1b0 board/rt2880/librt2880.a(rt2880.o)
                0x00000000bc016200                get_ram_size
                0x00000000bc016370                checkboard
                0x00000000bc016334                initdram
 .text          0x00000000bc0163b0      0x180 board/rt2880/librt2880.a(serial.o)
                0x00000000bc0163b0                serial_setbrg
                0x00000000bc0164a0                serial_tstc
                0x00000000bc01644c                serial_putc
                0x00000000bc016414                serial_init
                0x00000000bc0164d8                serial_puts
                0x00000000bc0164b4                serial_getc
 .text          0x00000000bc016530       0x20 cpu/ralink_soc/libralink_soc.a(cpu.o)
                0x00000000bc016548                flush_cache
                0x00000000bc016530                do_reset
 .text          0x00000000bc016550      0x910 lib_mips/libmips.a(mips_linux.o)
                0x00000000bc016678                do_bootm_linux
                0x00000000bc016e60                . = ALIGN (0x4)

.rodata         0x00000000bc016e60     0x2160
 *(.rodata)
 .rodata        0x00000000bc016e60       0x50 lib_mips/libmips.a(board.o)
                0x00000000bc016e60                version_string
 .rodata        0x00000000bc016eb0       0x10 net/libnet.a(net.o)
 .rodata        0x00000000bc016ec0       0x30 net/libnet.a(tftp.o)
 .rodata        0x00000000bc016ef0       0x10 net/libnet.a(eth.o)
 .rodata        0x00000000bc016f00       0x40 httpd/libhttpd.a(uip.o)
 .rodata        0x00000000bc016f40     0x1ea0 httpd/libhttpd.a(fs.o)
 .rodata        0x00000000bc018de0       0xf0 drivers/libdrivers.a(spi_rt6855A_flash.o)
 .rodata        0x00000000bc018ed0       0xc0 common/libcommon.a(cmd_bootm.o)
 .rodata        0x00000000bc018f90       0x20 common/libcommon.a(cmd_nvedit.o)
 .rodata        0x00000000bc018fb0       0x10 lib_generic/libgeneric.a(crc32.o)

.reginfo        0x00000000bc018fc0       0x18
 .reginfo       0x00000000bc018fc0       0x18 cpu/ralink_soc/start.o

.rodata.str1.4  0x00000000bc018fd8     0x38d8
 .rodata.str1.4
                0x00000000bc018fd8      0xeab lib_mips/libmips.a(board.o)
                                        0xed8 (size before relaxing)
 *fill*         0x00000000bc019e83        0x1 00
 .rodata.str1.4
                0x00000000bc019e84      0x405 net/libnet.a(net.o)
                                        0x424 (size before relaxing)
 *fill*         0x00000000bc01a289        0x3 00
 .rodata.str1.4
                0x00000000bc01a28c      0x1f3 net/libnet.a(tftp.o)
                                        0x1fc (size before relaxing)
 *fill*         0x00000000bc01a47f        0x1 00
 .rodata.str1.4
                0x00000000bc01a480       0x6e net/libnet.a(eth.o)
                                         0x74 (size before relaxing)
 *fill*         0x00000000bc01a4ee        0x2 00
 .rodata.str1.4
                0x00000000bc01a4f0      0x1e8 net/libnet.a(httpd.o)
 .rodata.str1.4
                0x00000000bc01a6d8      0x2a3 httpd/libhttpd.a(httpd.o)
                                        0x2b0 (size before relaxing)
 *fill*         0x00000000bc01a97b        0x1 00
 .rodata.str1.4
                0x00000000bc01a97c       0x46 httpd/libhttpd.a(fs.o)
                                         0x48 (size before relaxing)
 *fill*         0x00000000bc01a9c2        0x2 00
 .rodata.str1.4
                0x00000000bc01a9c4      0x164 drivers/libdrivers.a(rt2880_eth.o)
                                        0x168 (size before relaxing)
 .rodata.str1.4
                0x00000000bc01ab28      0x417 drivers/libdrivers.a(mii_mgr.o)
                                        0x428 (size before relaxing)
 *fill*         0x00000000bc01af3f        0x1 00
 .rodata.str1.4
                0x00000000bc01af40      0x7b1 drivers/libdrivers.a(spi_rt6855A_flash.o)
                                        0x7c4 (size before relaxing)
 *fill*         0x00000000bc01b6f1        0x3 00
 .rodata.str1.4
                0x00000000bc01b6f4       0x7d common/libcommon.a(main.o)
                                         0x98 (size before relaxing)
 *fill*         0x00000000bc01b771        0x3 00
 .rodata.str1.4
                0x00000000bc01b774      0x103 common/libcommon.a(cmd_boot.o)
                                        0x118 (size before relaxing)
 *fill*         0x00000000bc01b877        0x1 00
 .rodata.str1.4
                0x00000000bc01b878      0x4d0 common/libcommon.a(cmd_bootm.o)
                                        0x4d4 (size before relaxing)
 .rodata.str1.4
                0x00000000bc01bd48      0x1bc common/libcommon.a(cmd_load.o)
                                        0x1d4 (size before relaxing)
 .rodata.str1.4
                0x00000000bc01bf04       0xe1 common/libcommon.a(cmd_net.o)
                                        0x144 (size before relaxing)
 *fill*         0x00000000bc01bfe5        0x3 00
 .rodata.str1.4
                0x00000000bc01bfe8      0x190 common/libcommon.a(cmd_mem.o)
                                        0x19c (size before relaxing)
 .rodata.str1.4
                0x00000000bc01c178      0x2ad common/libcommon.a(cmd_nvedit.o)
                                        0x318 (size before relaxing)
 *fill*         0x00000000bc01c425        0x3 00
 .rodata.str1.4
                0x00000000bc01c428      0x211 common/libcommon.a(command.o)
                                        0x21c (size before relaxing)
 *fill*         0x00000000bc01c639        0x3 00
 .rodata.str1.4
                0x00000000bc01c63c       0x2f common/libcommon.a(devices.o)
                                         0x48 (size before relaxing)
 *fill*         0x00000000bc01c66b        0x1 00
 .rodata.str1.4
                0x00000000bc01c66c       0x33 common/libcommon.a(env_common.o)
                                         0x34 (size before relaxing)
 *fill*         0x00000000bc01c69f        0x1 00
 .rodata.str1.4
                0x00000000bc01c6a0       0x52 common/libcommon.a(env_spi.o)
                                         0x54 (size before relaxing)
 *fill*         0x00000000bc01c6f2        0x2 00
 .rodata.str1.4
                0x00000000bc01c6f4       0x17 lib_generic/libgeneric.a(display_options.o)
                                         0x20 (size before relaxing)
 *fill*         0x00000000bc01c70b        0x1 00
 .rodata.str1.4
                0x00000000bc01c70c       0x57 lib_generic/libgeneric.a(vsprintf.o)
                                         0x58 (size before relaxing)
 *fill*         0x00000000bc01c763        0x1 00
 .rodata.str1.4
                0x00000000bc01c764       0x15 board/rt2880/librt2880.a(rt2880.o)
                                         0x18 (size before relaxing)
 *fill*         0x00000000bc01c779        0x3 00
 .rodata.str1.4
                0x00000000bc01c77c      0x134 lib_mips/libmips.a(mips_linux.o)
                                        0x188 (size before relaxing)
                0x00000000bc01c8b0                . = ALIGN (0x4)

.data           0x00000000bc01c8b0      0x250
 *(.data)
 .data          0x00000000bc01c8b0       0x10 lib_mips/libmips.a(board.o)
 .data          0x00000000bc01c8c0       0x10 net/libnet.a(net.o)
                0x00000000bc01c8c0                NetBcastAddr
 .data          0x00000000bc01c8d0       0x10 httpd/libhttpd.a(uip_arp.o)
                0x00000000bc01c8d0                uip_ethaddr
 .data          0x00000000bc01c8e0       0x10 httpd/libhttpd.a(httpd.o)
 .data          0x00000000bc01c8f0       0x10 drivers/libdrivers.a(rt2880_eth.o)
 .data          0x00000000bc01c900       0x40 drivers/libdrivers.a(spi_rt6855A_flash.o)
                0x00000000bc01c900                stm_opcodes
 .data          0x00000000bc01c940       0x10 common/libcommon.a(cmd_bootm.o)
                0x00000000bc01c940                load_addr
 .data          0x00000000bc01c950       0x10 common/libcommon.a(cmd_mem.o)
                0x00000000bc01c950                dp_last_length
 .data          0x00000000bc01c960       0x10 common/libcommon.a(dlmalloc.o)
 .data          0x00000000bc01c970       0x70 common/libcommon.a(env_common.o)
                0x00000000bc01c970                default_environment
 .data          0x00000000bc01c9e0       0x10 common/libcommon.a(env_spi.o)
 .data          0x00000000bc01c9f0       0x10 lib_generic/libgeneric.a(crc32.o)
 .data          0x00000000bc01ca00      0x100 lib_generic/libgeneric.a(ctype.o)
                0x00000000bc01ca00                _ctype

.data.rel.ro    0x00000000bc01cb00       0x50
 .data.rel.ro   0x00000000bc01cb00       0x50 httpd/libhttpd.a(fs.o)
                0x00000000bc01cb20                file_index_html
                0x00000000bc01cb40                file_fail_html
                0x00000000bc01cb30                file_flashing_html
                0x00000000bc01cb10                file_style_css
                0x00000000bc01cb00                file_vt_png

.data.rel.ro.local
                0x00000000bc01cb50       0x10
 .data.rel.ro.local
                0x00000000bc01cb50       0x10 httpd/libhttpd.a(fs.o)
                0x00000000bc01cb50                file_404_html

.data.rel.local
                0x00000000bc01cb60      0x80c
 .data.rel.local
                0x00000000bc01cb60      0x3f0 drivers/libdrivers.a(spi_rt6855A_flash.o)
 .data.rel.local
                0x00000000bc01cf50        0xc common/libcommon.a(devices.o)
                0x00000000bc01cf50                stdio_names
 .data.rel.local
                0x00000000bc01cf5c      0x408 common/libcommon.a(dlmalloc.o)
 .data.rel.local
                0x00000000bc01d364        0x4 common/libcommon.a(env_common.o)
                0x00000000bc01d364                env_get_char
 .data.rel.local
                0x00000000bc01d368        0x4 common/libcommon.a(env_spi.o)
                0x00000000bc01d368                env_name_spec
                0x00000000bc01d36c                . = ALIGN (0x4)

.sdata
 *(.sdata)
 *(.sdata)
                0x00000000bc01d370                _gp = ALIGN (0x10)

.got            0x00000000bc01d370      0x50c
                0x00000000bc01d370                __got_start = .
 *(.got)
 .got           0x00000000bc01d370      0x50c cpu/ralink_soc/start.o
                0x00000000bc01d370                _GLOBAL_OFFSET_TABLE_
                0x00000000bc01d87c                __got_end = .
                0x00000000bc01d87c                __u_boot_cmd_start = .

.u_boot_cmd     0x00000000bc01d87c      0x1c8
 *(.u_boot_cmd)
 .u_boot_cmd    0x00000000bc01d87c       0x18 lib_mips/libmips.a(board.o)
                0x00000000bc01d87c                __u_boot_cmd_rf
 .u_boot_cmd    0x00000000bc01d894       0x18 drivers/libdrivers.a(mii_mgr.o)
                0x00000000bc01d894                __u_boot_cmd_mdio
 .u_boot_cmd    0x00000000bc01d8ac       0x48 drivers/libdrivers.a(spi_rt6855A_flash.o)
                0x00000000bc01d8c4                __u_boot_cmd_erase
                0x00000000bc01d8ac                __u_boot_cmd_spi
                0x00000000bc01d8dc                __u_boot_cmd_cp
 .u_boot_cmd    0x00000000bc01d8f4       0x30 common/libcommon.a(cmd_boot.o)
                0x00000000bc01d8f4                __u_boot_cmd_reset
                0x00000000bc01d90c                __u_boot_cmd_go
 .u_boot_cmd    0x00000000bc01d924       0x18 common/libcommon.a(cmd_bootm.o)
                0x00000000bc01d924                __u_boot_cmd_bootm
 .u_boot_cmd    0x00000000bc01d93c       0x18 common/libcommon.a(cmd_load.o)
                0x00000000bc01d93c                __u_boot_cmd_loadb
 .u_boot_cmd    0x00000000bc01d954       0x18 common/libcommon.a(cmd_net.o)
                0x00000000bc01d954                __u_boot_cmd_tftpboot
 .u_boot_cmd    0x00000000bc01d96c       0x48 common/libcommon.a(cmd_mem.o)
                0x00000000bc01d99c                __u_boot_cmd_md
                0x00000000bc01d984                __u_boot_cmd_mm
                0x00000000bc01d96c                __u_boot_cmd_nm
 .u_boot_cmd    0x00000000bc01d9b4       0x48 common/libcommon.a(cmd_nvedit.o)
                0x00000000bc01d9b4                __u_boot_cmd_saveenv
                0x00000000bc01d9e4                __u_boot_cmd_printenv
                0x00000000bc01d9cc                __u_boot_cmd_setenv
 .u_boot_cmd    0x00000000bc01d9fc       0x48 common/libcommon.a(command.o)
                0x00000000bc01d9fc                __u_boot_cmd_question_mark
                0x00000000bc01da2c                __u_boot_cmd_version
                0x00000000bc01da14                __u_boot_cmd_help
                0x00000000bc01da44                __u_boot_cmd_end = .
                0x00000000bc01da44                uboot_end_data = .
                0x0000000000000143                num_got_entries = ((__got_end - __got_start) >> 0x2)
                0x00000000bc01da44                . = ALIGN (0x4)

.sbss
 *(.sbss)

.bss            0x00000000bc01da60    0x46c0c
 *(.bss)
 .bss           0x00000000bc01da60       0xa0 lib_mips/libmips.a(board.o)
                0x00000000bc01da60                modifies
 .bss           0x00000000bc01db00       0xc0 net/libnet.a(net.o)
                0x00000000bc01dbac                webfailsafe_data_pointer
                0x00000000bc01db74                NetOurNISDomain
                0x00000000bc01db0c                NetServerEther
                0x00000000bc01db9c                NetOurSubnetMask
                0x00000000bc01db12                NetBootFileSize
                0x00000000bc01dba0                webfailsafe_upgrade_type
                0x00000000bc01db54                NetOurHostName
                0x00000000bc01db98                NetOurGatewayIP
                0x00000000bc01db04                NetEtherNullAddr
                0x00000000bc01dba4                webfailsafe_ready_for_upgrade
                0x00000000bc01db00                NetTxPacket
                0x00000000bc01dba8                webfailsafe_is_running
                0x00000000bc01db94                NetOurDNSIP
                0x00000000bc01db14                NetOurRootPath
 .bss           0x00000000bc01dbc0       0x40 net/libnet.a(tftp.o)
 .bss           0x00000000bc01dc00       0x10 net/libnet.a(eth.o)
 .bss           0x00000000bc01dc10       0x10 net/libnet.a(httpd.o)
 .bss           0x00000000bc01dc20       0x10 httpd/libhttpd.a(uip.o)
 .bss           0x00000000bc01dc30       0x20 httpd/libhttpd.a(uip_arp.o)
 .bss           0x00000000bc01dc50       0x20 httpd/libhttpd.a(httpd.o)
 *fill*         0x00000000bc01dc70       0x10 00
 .bss           0x00000000bc01dc80    0x16e40 drivers/libdrivers.a(rt2880_eth.o)
 .bss           0x00000000bc034ac0       0x10 drivers/libdrivers.a(spi_rt6855A_flash.o)
                0x00000000bc034ac0                spi_chip_info
 .bss           0x00000000bc034ad0      0x100 common/libcommon.a(main.o)
 .bss           0x00000000bc034bd0       0x40 common/libcommon.a(cmd_load.o)
 .bss           0x00000000bc034c10       0x10 common/libcommon.a(cmd_mem.o)
 .bss           0x00000000bc034c20       0x10 common/libcommon.a(console.o)
 .bss           0x00000000bc034c30       0x10 common/libcommon.a(devices.o)
                0x00000000bc034c3c                devlist
                0x00000000bc034c30                stdio_devices
 .bss           0x00000000bc034c40       0x40 common/libcommon.a(dlmalloc.o)
 .bss           0x00000000bc034c80      0x400 lib_generic/libgeneric.a(crc32.o)
 .bss           0x00000000bc035080       0x20 lib_mips/libmips.a(mips_linux.o)
 COMMON         0x00000000bc0350a0       0x2d lib_mips/libmips.a(board.o)
                0x00000000bc0350a0                gd_data
                0x00000000bc0350c4                load_addr_str
 *fill*         0x00000000bc0350cd        0x3 00
 COMMON         0x00000000bc0350d0    0x17bf0 net/libnet.a(net.o)
                0x00000000bc0350d0                Pkt_Buf_Pool
                0x00000000bc04c510                NetRxPackets
                0x00000000bc04c600                BootFile
                0x00000000bc04c680                NetArpWaitPacketBuf
 COMMON         0x00000000bc04ccc0      0x636 httpd/libhttpd.a(uip.o)
                0x00000000bc04ccc0                uip_conns
                0x00000000bc04cd18                uip_buf
 *fill*         0x00000000bc04d2f6        0x2 00
 COMMON         0x00000000bc04d2f8    0x16900 drivers/libdrivers.a(rt2880_eth.o)
                0x00000000bc04d2f8                console_buffer
                0x00000000bc04d3f8                RxPktBuf
 COMMON         0x00000000bc063bf8      0xa00 common/libcommon.a(main.o)
                0x00000000bc063bf8                console_history
 COMMON         0x00000000bc0645f8       0x40 common/libcommon.a(cmd_bootm.o)
                0x00000000bc0645f8                header
 COMMON         0x00000000bc064638       0x34 common/libcommon.a(cmd_load.o)
                0x00000000bc064638                os_data_header
                0x00000000bc064658                send_parms
                0x00000000bc06466c                uboot_end = .

.scommon        0x00000000bc06466c       0xd4
 .scommon       0x00000000bc06466c        0xc lib_mips/libmips.a(board.o)
                0x00000000bc06466c                monitor_flash_len
                0x00000000bc064670                mips_bus_feq
                0x00000000bc064674                mips_cpu_feq
 .scommon       0x00000000bc064678       0x44 net/libnet.a(net.o)
                0x00000000bc064678                NetArpWaitTry
                0x00000000bc06467c                NetArpWaitPacketMAC
                0x00000000bc064680                NetOurEther
                0x00000000bc064688                NetOurIP
                0x00000000bc06468c                NetServerIP
                0x00000000bc064690                NetArpWaitTxPacketSize
                0x00000000bc064694                NetArpWaitReplyIP
                0x00000000bc064698                NetArpWaitTxPacket
                0x00000000bc06469c                NetArpWaitPacketIP
                0x00000000bc0646a0                NetState
                0x00000000bc0646a4                NetIPID
                0x00000000bc0646a8                NetRxPkt
                0x00000000bc0646ac                NetRxPktLen
                0x00000000bc0646b0                NetBootFileXferSize
                0x00000000bc0646b4                PktBuf
                0x00000000bc0646b8                NetArpWaitTimerStart
 .scommon       0x00000000bc0646bc        0x4 net/libnet.a(tftp.o)
                0x00000000bc0646bc                TftpStarted
 .scommon       0x00000000bc0646c0       0x30 httpd/libhttpd.a(uip.o)
                0x00000000bc0646c0                uip_len
                0x00000000bc0646c4                uip_sappdata
                0x00000000bc0646c8                uip_acc32
                0x00000000bc0646cc                uip_flags
                0x00000000bc0646d0                uip_appdata
                0x00000000bc0646d4                uip_conn
                0x00000000bc0646d8                uip_arp_netmask
                0x00000000bc0646dc                uip_listenports
                0x00000000bc0646de                uip_surglen
                0x00000000bc0646e0                uip_urgdata
                0x00000000bc0646e4                uip_hostaddr
                0x00000000bc0646e8                uip_arp_draddr
                0x00000000bc0646ec                uip_urglen
                0x00000000bc0646ee                uip_slen
 .scommon       0x00000000bc0646f0        0x4 httpd/libhttpd.a(httpd.o)
                0x00000000bc0646f0                hs
 .scommon       0x00000000bc0646f4       0x18 drivers/libdrivers.a(rt2880_eth.o)
                0x00000000bc0646f4                rt2880_free_buf_list
                0x00000000bc0646fc                PKT_HEADER_Buf
                0x00000000bc064700                rt2880_pdev
                0x00000000bc064704                rt2880_busing_buf_list
 .scommon       0x00000000bc06470c       0x1c common/libcommon.a(cmd_load.o)
                0x00000000bc06470c                his_pad_char
                0x00000000bc064710                os_data_count
                0x00000000bc064714                os_data_init
                0x00000000bc064718                send_ptr
                0x00000000bc06471c                os_data_char
                0x00000000bc064720                his_eol
                0x00000000bc064721                his_quote
                0x00000000bc064724                his_pad_count
 .scommon       0x00000000bc064728       0x10 common/libcommon.a(cmd_mem.o)
                0x00000000bc064728                dp_last_size
                0x00000000bc06472c                dp_last_addr
                0x00000000bc064730                mm_last_size
                0x00000000bc064734                mm_last_addr
 .scommon       0x00000000bc064738        0x4 common/libcommon.a(env_spi.o)
                0x00000000bc064738                env_ptr
 .scommon       0x00000000bc06473c        0x4 lib_generic/libgeneric.a(string.o)
                0x00000000bc06473c                ___strtok

.rel.dyn        0x00000000bc064740        0x0
Address of section .text set to 0xbc000000
LOAD cpu/ralink_soc/start.o
START GROUP
LOAD lib_generic/libgeneric.a
LOAD board/rt2880/librt2880.a
LOAD cpu/ralink_soc/libralink_soc.a
LOAD lib_mips/libmips.a
LOAD net/libnet.a
LOAD httpd/libhttpd.a
LOAD drivers/libdrivers.a
LOAD common/libcommon.a
END GROUP
OUTPUT(u-boot elf32-tradlittlemips)

.pdr            0x0000000000000000     0x2380
 .pdr           0x0000000000000000       0xa0 cpu/ralink_soc/start.o
 .pdr           0x00000000000000a0      0x3a0 lib_mips/libmips.a(board.o)
 .pdr           0x0000000000000440       0xa0 lib_mips/libmips.a(time.o)
 .pdr           0x00000000000004e0      0x300 net/libnet.a(net.o)
 .pdr           0x00000000000007e0       0x80 net/libnet.a(tftp.o)
 .pdr           0x0000000000000860      0x100 net/libnet.a(eth.o)
 .pdr           0x0000000000000960       0x80 net/libnet.a(httpd.o)
 .pdr           0x00000000000009e0       0xa0 httpd/libhttpd.a(uip.o)
 .pdr           0x0000000000000a80       0x80 httpd/libhttpd.a(uip_arch.o)
 .pdr           0x0000000000000b00       0xc0 httpd/libhttpd.a(uip_arp.o)
 .pdr           0x0000000000000bc0       0xa0 httpd/libhttpd.a(httpd.o)
 .pdr           0x0000000000000c60       0x40 httpd/libhttpd.a(fs.o)
 .pdr           0x0000000000000ca0      0x200 drivers/libdrivers.a(rt2880_eth.o)
 .pdr           0x0000000000000ea0       0xa0 drivers/libdrivers.a(mii_mgr.o)
 .pdr           0x0000000000000f40      0x280 drivers/libdrivers.a(spi_rt6855A_flash.o)
 .pdr           0x00000000000011c0       0x40 common/libcommon.a(main.o)
 .pdr           0x0000000000001200       0x20 common/libcommon.a(cmd_boot.o)
 .pdr           0x0000000000001220       0x40 common/libcommon.a(cmd_bootm.o)
 .pdr           0x0000000000001260      0x1c0 common/libcommon.a(cmd_load.o)
 .pdr           0x0000000000001420       0x20 common/libcommon.a(cmd_net.o)
 .pdr           0x0000000000001440       0xe0 common/libcommon.a(cmd_mem.o)
 .pdr           0x0000000000001520       0xe0 common/libcommon.a(cmd_nvedit.o)
 .pdr           0x0000000000001600       0x60 common/libcommon.a(command.o)
 .pdr           0x0000000000001660      0x2a0 common/libcommon.a(console.o)
 .pdr           0x0000000000001900       0x60 common/libcommon.a(devices.o)
 .pdr           0x0000000000001960      0x200 common/libcommon.a(dlmalloc.o)
 .pdr           0x0000000000001b60       0xa0 common/libcommon.a(env_common.o)
 .pdr           0x0000000000001c00       0x60 common/libcommon.a(exports.o)
 .pdr           0x0000000000001c60      0x140 common/libcommon.a(lists.o)
 .pdr           0x0000000000001da0       0xa0 common/libcommon.a(env_spi.o)
 .pdr           0x0000000000001e40       0x20 lib_generic/libgeneric.a(crc32.o)
 .pdr           0x0000000000001e60       0x40 lib_generic/libgeneric.a(display_options.o)
 .pdr           0x0000000000001ea0      0x120 lib_generic/libgeneric.a(string.o)
 .pdr           0x0000000000001fc0       0xc0 lib_generic/libgeneric.a(vsprintf.o)
 .pdr           0x0000000000002080      0x160 lib_generic/libgeneric.a(LzmaDecode.o)
 .pdr           0x00000000000021e0       0x60 board/rt2880/librt2880.a(rt2880.o)
 .pdr           0x0000000000002240       0xc0 board/rt2880/librt2880.a(serial.o)
 .pdr           0x0000000000002300       0x40 cpu/ralink_soc/libralink_soc.a(cpu.o)
 .pdr           0x0000000000002340       0x40 lib_mips/libmips.a(mips_linux.o)

.stab           0x0000000000000000     0x22bc
 .stab          0x0000000000000000     0x22bc cpu/ralink_soc/start.o

.stabstr        0x0000000000000000       0xb1
 .stabstr       0x0000000000000000       0xb1 cpu/ralink_soc/start.o

.mdebug.abi32   0x0000000000000000        0x0

.debug_abbrev   0x0000000000000000      0x399
 .debug_abbrev  0x0000000000000000      0x399 lib_mips/libmips.a(board.o)

.debug_info     0x0000000000000000     0x1d05
 .debug_info    0x0000000000000000     0x1d05 lib_mips/libmips.a(board.o)

.debug_line     0x0000000000000000      0xaac
 .debug_line    0x0000000000000000      0xaac lib_mips/libmips.a(board.o)

.debug_frame    0x0000000000000000     0x2004
 .debug_frame   0x0000000000000000      0x30c lib_mips/libmips.a(board.o)
 .debug_frame   0x000000000000030c       0x88 lib_mips/libmips.a(time.o)
 .debug_frame   0x0000000000000394      0x290 net/libnet.a(net.o)
 .debug_frame   0x0000000000000624       0x90 net/libnet.a(tftp.o)
 .debug_frame   0x00000000000006b4       0xd8 net/libnet.a(eth.o)
 .debug_frame   0x000000000000078c       0x80 net/libnet.a(httpd.o)
 .debug_frame   0x000000000000080c       0x88 httpd/libhttpd.a(uip.o)
 .debug_frame   0x0000000000000894       0x68 httpd/libhttpd.a(uip_arch.o)
 .debug_frame   0x00000000000008fc       0xc8 httpd/libhttpd.a(uip_arp.o)
 .debug_frame   0x00000000000009c4       0xa8 httpd/libhttpd.a(httpd.o)
 .debug_frame   0x0000000000000a6c       0x30 httpd/libhttpd.a(fs.o)
 .debug_frame   0x0000000000000a9c      0x200 drivers/libdrivers.a(rt2880_eth.o)
 .debug_frame   0x0000000000000c9c       0xa8 drivers/libdrivers.a(mii_mgr.o)
 .debug_frame   0x0000000000000d44      0x2ac drivers/libdrivers.a(spi_rt6855A_flash.o)
 .debug_frame   0x0000000000000ff0       0x60 common/libcommon.a(main.o)
 .debug_frame   0x0000000000001050       0x30 common/libcommon.a(cmd_boot.o)
 .debug_frame   0x0000000000001080       0x64 common/libcommon.a(cmd_bootm.o)
 .debug_frame   0x00000000000010e4      0x174 common/libcommon.a(cmd_load.o)
 .debug_frame   0x0000000000001258       0x38 common/libcommon.a(cmd_net.o)
 .debug_frame   0x0000000000001290       0xf8 common/libcommon.a(cmd_mem.o)
 .debug_frame   0x0000000000001388      0x104 common/libcommon.a(cmd_nvedit.o)
 .debug_frame   0x000000000000148c       0x84 common/libcommon.a(command.o)
 .debug_frame   0x0000000000001510      0x1cc common/libcommon.a(console.o)
 .debug_frame   0x00000000000016dc       0x58 common/libcommon.a(devices.o)
 .debug_frame   0x0000000000001734      0x194 common/libcommon.a(dlmalloc.o)
 .debug_frame   0x00000000000018c8       0x80 common/libcommon.a(env_common.o)
 .debug_frame   0x0000000000001948       0x48 common/libcommon.a(exports.o)
 .debug_frame   0x0000000000001990      0x104 common/libcommon.a(lists.o)
 .debug_frame   0x0000000000001a94       0x88 common/libcommon.a(env_spi.o)
 .debug_frame   0x0000000000001b1c       0x20 lib_generic/libgeneric.a(crc32.o)
 .debug_frame   0x0000000000001b3c       0x48 lib_generic/libgeneric.a(display_options.o)
 .debug_frame   0x0000000000001b84       0xc4 lib_generic/libgeneric.a(string.o)
 .debug_frame   0x0000000000001c48       0xa0 lib_generic/libgeneric.a(vsprintf.o)
 .debug_frame   0x0000000000001ce8      0x1ac lib_generic/libgeneric.a(LzmaDecode.o)
 .debug_frame   0x0000000000001e94       0x54 board/rt2880/librt2880.a(rt2880.o)
 .debug_frame   0x0000000000001ee8       0x84 board/rt2880/librt2880.a(serial.o)
 .debug_frame   0x0000000000001f6c       0x30 cpu/ralink_soc/libralink_soc.a(cpu.o)
 .debug_frame   0x0000000000001f9c       0x68 lib_mips/libmips.a(mips_linux.o)

.debug_pubnames
                0x0000000000000000     0x1abe
 .debug_pubnames
                0x0000000000000000      0x295 lib_mips/libmips.a(board.o)
 .debug_pubnames
                0x0000000000000295       0x45 lib_mips/libmips.a(time.o)
 .debug_pubnames
                0x00000000000002da      0x43b net/libnet.a(net.o)
 .debug_pubnames
                0x0000000000000715       0x3d net/libnet.a(tftp.o)
 .debug_pubnames
                0x0000000000000752       0x93 net/libnet.a(eth.o)
 .debug_pubnames
                0x00000000000007e5       0x5b net/libnet.a(httpd.o)
 .debug_pubnames
                0x0000000000000840      0x147 httpd/libhttpd.a(uip.o)
 .debug_pubnames
                0x0000000000000987       0x52 httpd/libhttpd.a(uip_arch.o)
 .debug_pubnames
                0x00000000000009d9       0x78 httpd/libhttpd.a(uip_arp.o)
 .debug_pubnames
                0x0000000000000a51       0x3a httpd/libhttpd.a(httpd.o)
 .debug_pubnames
                0x0000000000000a8b       0x9d httpd/libhttpd.a(fs.o)
 .debug_pubnames
                0x0000000000000b28      0x15c drivers/libdrivers.a(rt2880_eth.o)
 .debug_pubnames
                0x0000000000000c84       0x83 drivers/libdrivers.a(mii_mgr.o)
 .debug_pubnames
                0x0000000000000d07      0x118 drivers/libdrivers.a(spi_rt6855A_flash.o)
 .debug_pubnames
                0x0000000000000e1f       0x44 common/libcommon.a(main.o)
 .debug_pubnames
                0x0000000000000e63       0x47 common/libcommon.a(cmd_boot.o)
 .debug_pubnames
                0x0000000000000eaa       0x63 common/libcommon.a(cmd_bootm.o)
 .debug_pubnames
                0x0000000000000f0d      0x188 common/libcommon.a(cmd_load.o)
 .debug_pubnames
                0x0000000000001095       0x39 common/libcommon.a(cmd_net.o)
 .debug_pubnames
                0x00000000000010ce      0x105 common/libcommon.a(cmd_mem.o)
 .debug_pubnames
                0x00000000000011d3       0xaf common/libcommon.a(cmd_nvedit.o)
 .debug_pubnames
                0x0000000000001282       0x88 common/libcommon.a(command.o)
 .debug_pubnames
                0x000000000000130a      0x10e common/libcommon.a(console.o)
 .debug_pubnames
                0x0000000000001418       0x76 common/libcommon.a(devices.o)
 .debug_pubnames
                0x000000000000148e       0xb3 common/libcommon.a(dlmalloc.o)
 .debug_pubnames
                0x0000000000001541       0x88 common/libcommon.a(env_common.o)
 .debug_pubnames
                0x00000000000015c9       0x35 common/libcommon.a(exports.o)
 .debug_pubnames
                0x00000000000015fe       0xc2 common/libcommon.a(lists.o)
 .debug_pubnames
                0x00000000000016c0       0x86 common/libcommon.a(env_spi.o)
 .debug_pubnames
                0x0000000000001746       0x1c lib_generic/libgeneric.a(crc32.o)
 .debug_pubnames
                0x0000000000001762       0x35 lib_generic/libgeneric.a(display_options.o)
 .debug_pubnames
                0x0000000000001797       0x86 lib_generic/libgeneric.a(string.o)
 .debug_pubnames
                0x000000000000181d       0x50 lib_generic/libgeneric.a(vsprintf.o)
 .debug_pubnames
                0x000000000000186d      0x12d lib_generic/libgeneric.a(LzmaDecode.o)
 .debug_pubnames
                0x000000000000199a       0x1d lib_generic/libgeneric.a(ctype.o)
 .debug_pubnames
                0x00000000000019b7       0x3f board/rt2880/librt2880.a(rt2880.o)
 .debug_pubnames
                0x00000000000019f6       0x74 board/rt2880/librt2880.a(serial.o)
 .debug_pubnames
                0x0000000000001a6a       0x2f cpu/ralink_soc/libralink_soc.a(cpu.o)
 .debug_pubnames
                0x0000000000001a99       0x25 lib_mips/libmips.a(mips_linux.o)

.debug_aranges  0x0000000000000000       0x20
 .debug_aranges
                0x0000000000000000       0x20 lib_mips/libmips.a(board.o)

.debug_ranges   0x0000000000000000      0x728
 .debug_ranges  0x0000000000000000      0x190 lib_mips/libmips.a(board.o)
 .debug_ranges  0x0000000000000190       0x48 net/libnet.a(net.o)
 .debug_ranges  0x00000000000001d8       0x18 net/libnet.a(tftp.o)
 .debug_ranges  0x00000000000001f0       0x30 net/libnet.a(eth.o)
 .debug_ranges  0x0000000000000220       0x30 net/libnet.a(httpd.o)
 .debug_ranges  0x0000000000000250       0x18 httpd/libhttpd.a(httpd.o)
 .debug_ranges  0x0000000000000268       0x20 drivers/libdrivers.a(rt2880_eth.o)
 .debug_ranges  0x0000000000000288      0x170 drivers/libdrivers.a(spi_rt6855A_flash.o)
 .debug_ranges  0x00000000000003f8       0x30 common/libcommon.a(main.o)
 .debug_ranges  0x0000000000000428       0x18 common/libcommon.a(cmd_bootm.o)
 .debug_ranges  0x0000000000000440       0x28 common/libcommon.a(cmd_load.o)
 .debug_ranges  0x0000000000000468       0x18 common/libcommon.a(cmd_net.o)
 .debug_ranges  0x0000000000000480       0x18 common/libcommon.a(cmd_mem.o)
 .debug_ranges  0x0000000000000498       0xf0 common/libcommon.a(cmd_nvedit.o)
 .debug_ranges  0x0000000000000588       0x38 common/libcommon.a(command.o)
 .debug_ranges  0x00000000000005c0       0x38 common/libcommon.a(console.o)
 .debug_ranges  0x00000000000005f8       0x50 common/libcommon.a(dlmalloc.o)
 .debug_ranges  0x0000000000000648       0x20 lib_generic/libgeneric.a(vsprintf.o)
 .debug_ranges  0x0000000000000668       0x78 lib_generic/libgeneric.a(LzmaDecode.o)
 .debug_ranges  0x00000000000006e0       0x48 lib_mips/libmips.a(mips_linux.o)

.debug_str      0x0000000000000000     0x3520
 .debug_str     0x0000000000000000      0xab9 lib_mips/libmips.a(board.o)
                                        0xc17 (size before relaxing)
 .debug_str     0x0000000000000ab9       0x63 lib_mips/libmips.a(time.o)
                                        0x156 (size before relaxing)
 .debug_str     0x0000000000000b1c      0x663 net/libnet.a(net.o)
                                        0x878 (size before relaxing)
 .debug_str     0x000000000000117f       0xe3 net/libnet.a(tftp.o)
                                        0x2ad (size before relaxing)
 .debug_str     0x0000000000001262       0xd0 net/libnet.a(eth.o)
                                        0x2b6 (size before relaxing)
 .debug_str     0x0000000000001332       0xa0 net/libnet.a(httpd.o)
                                        0x1c5 (size before relaxing)
 .debug_str     0x00000000000013d2      0x18c httpd/libhttpd.a(uip.o)
                                        0x2ee (size before relaxing)
 .debug_str     0x000000000000155e       0x50 httpd/libhttpd.a(uip_arch.o)
                                        0x15c (size before relaxing)
 .debug_str     0x00000000000015ae       0x85 httpd/libhttpd.a(uip_arp.o)
                                        0x1dd (size before relaxing)
 .debug_str     0x0000000000001633      0x14d httpd/libhttpd.a(httpd.o)
                                        0x351 (size before relaxing)
 .debug_str     0x0000000000001780       0xb3 httpd/libhttpd.a(fs.o)
                                        0x1f8 (size before relaxing)
 .debug_str     0x0000000000001833      0x512 drivers/libdrivers.a(rt2880_eth.o)
                                        0x757 (size before relaxing)
 .debug_str     0x0000000000001d45       0xb2 drivers/libdrivers.a(mii_mgr.o)
                                        0x1f4 (size before relaxing)
 .debug_str     0x0000000000001df7      0x2f4 drivers/libdrivers.a(spi_rt6855A_flash.o)
                                        0x5bc (size before relaxing)
 .debug_str     0x00000000000020eb      0x136 common/libcommon.a(main.o)
                                        0x25c (size before relaxing)
 .debug_str     0x0000000000002221       0x34 common/libcommon.a(cmd_boot.o)
                                        0x15e (size before relaxing)
 .debug_str     0x0000000000002255       0x70 common/libcommon.a(cmd_bootm.o)
                                        0x268 (size before relaxing)
 .debug_str     0x00000000000022c5      0x24b common/libcommon.a(cmd_load.o)
                                        0x4c5 (size before relaxing)
 .debug_str     0x0000000000002510       0x56 common/libcommon.a(cmd_net.o)
                                        0x232 (size before relaxing)
 .debug_str     0x0000000000002566      0x127 common/libcommon.a(cmd_mem.o)
                                        0x272 (size before relaxing)
 .debug_str     0x000000000000268d       0xbb common/libcommon.a(cmd_nvedit.o)
                                        0x32e (size before relaxing)
 .debug_str     0x0000000000002748       0x95 common/libcommon.a(command.o)
                                        0x225 (size before relaxing)
 .debug_str     0x00000000000027dd      0x18a common/libcommon.a(console.o)
                                        0x3bb (size before relaxing)
 .debug_str     0x0000000000002967       0x56 common/libcommon.a(devices.o)
                                        0x2e2 (size before relaxing)
 .debug_str     0x00000000000029bd      0x2eb common/libcommon.a(dlmalloc.o)
                                        0x518 (size before relaxing)
 .debug_str     0x0000000000002ca8       0x8c common/libcommon.a(env_common.o)
                                        0x259 (size before relaxing)
 .debug_str     0x0000000000002d34       0x2b common/libcommon.a(exports.o)
                                        0x1da (size before relaxing)
 .debug_str     0x0000000000002d5f      0x150 common/libcommon.a(lists.o)
                                        0x295 (size before relaxing)
 .debug_str     0x0000000000002eaf       0x6e common/libcommon.a(env_spi.o)
                                        0x289 (size before relaxing)
 .debug_str     0x0000000000002f1d       0x84 lib_generic/libgeneric.a(crc32.o)
                                        0x12b (size before relaxing)
 .debug_str     0x0000000000002fa1       0x2d lib_generic/libgeneric.a(display_options.o)
                                        0x119 (size before relaxing)
 .debug_str     0x0000000000002fce       0x4e lib_generic/libgeneric.a(string.o)
                                        0x150 (size before relaxing)
 .debug_str     0x000000000000301c       0x70 lib_generic/libgeneric.a(vsprintf.o)
                                        0x19f (size before relaxing)
 .debug_str     0x000000000000308c      0x28a lib_generic/libgeneric.a(LzmaDecode.o)
                                        0x393 (size before relaxing)
 .debug_str     0x0000000000003316        0x8 lib_generic/libgeneric.a(ctype.o)
                                         0x73 (size before relaxing)
 .debug_str     0x000000000000331e       0x82 board/rt2880/librt2880.a(rt2880.o)
                                        0x13f (size before relaxing)
 .debug_str     0x00000000000033a0       0x61 board/rt2880/librt2880.a(serial.o)
                                        0x134 (size before relaxing)
 .debug_str     0x0000000000003401       0x58 cpu/ralink_soc/libralink_soc.a(cpu.o)
                                        0x152 (size before relaxing)
 .debug_str     0x0000000000003459       0xc7 lib_mips/libmips.a(mips_linux.o)
                                        0x3c9 (size before relaxing)

.comment        0x0000000000000000      0x2be
 .comment       0x0000000000000000       0x12 lib_mips/libmips.a(board.o)
 .comment       0x0000000000000012       0x12 lib_mips/libmips.a(time.o)
 .comment       0x0000000000000024       0x12 net/libnet.a(net.o)
 .comment       0x0000000000000036       0x12 net/libnet.a(tftp.o)
 .comment       0x0000000000000048       0x12 net/libnet.a(eth.o)
 .comment       0x000000000000005a       0x12 net/libnet.a(httpd.o)
 .comment       0x000000000000006c       0x12 httpd/libhttpd.a(uip.o)
 .comment       0x000000000000007e       0x12 httpd/libhttpd.a(uip_arch.o)
 .comment       0x0000000000000090       0x12 httpd/libhttpd.a(uip_arp.o)
 .comment       0x00000000000000a2       0x12 httpd/libhttpd.a(httpd.o)
 .comment       0x00000000000000b4       0x12 httpd/libhttpd.a(fs.o)
 .comment       0x00000000000000c6       0x12 drivers/libdrivers.a(rt2880_eth.o)
 .comment       0x00000000000000d8       0x12 drivers/libdrivers.a(mii_mgr.o)
 .comment       0x00000000000000ea       0x12 drivers/libdrivers.a(spi_rt6855A_flash.o)
 .comment       0x00000000000000fc       0x12 common/libcommon.a(main.o)
 .comment       0x000000000000010e       0x12 common/libcommon.a(cmd_boot.o)
 .comment       0x0000000000000120       0x12 common/libcommon.a(cmd_bootm.o)
 .comment       0x0000000000000132       0x12 common/libcommon.a(cmd_load.o)
 .comment       0x0000000000000144       0x12 common/libcommon.a(cmd_net.o)
 .comment       0x0000000000000156       0x12 common/libcommon.a(cmd_mem.o)
 .comment       0x0000000000000168       0x12 common/libcommon.a(cmd_nvedit.o)
 .comment       0x000000000000017a       0x12 common/libcommon.a(command.o)
 .comment       0x000000000000018c       0x12 common/libcommon.a(console.o)
 .comment       0x000000000000019e       0x12 common/libcommon.a(devices.o)
 .comment       0x00000000000001b0       0x12 common/libcommon.a(dlmalloc.o)
 .comment       0x00000000000001c2       0x12 common/libcommon.a(env_common.o)
 .comment       0x00000000000001d4       0x12 common/libcommon.a(exports.o)
 .comment       0x00000000000001e6       0x12 common/libcommon.a(lists.o)
 .comment       0x00000000000001f8       0x12 common/libcommon.a(env_spi.o)
 .comment       0x000000000000020a       0x12 lib_generic/libgeneric.a(crc32.o)
 .comment       0x000000000000021c       0x12 lib_generic/libgeneric.a(display_options.o)
 .comment       0x000000000000022e       0x12 lib_generic/libgeneric.a(string.o)
 .comment       0x0000000000000240       0x12 lib_generic/libgeneric.a(vsprintf.o)
 .comment       0x0000000000000252       0x12 lib_generic/libgeneric.a(LzmaDecode.o)
 .comment       0x0000000000000264       0x12 lib_generic/libgeneric.a(ctype.o)
 .comment       0x0000000000000276       0x12 board/rt2880/librt2880.a(rt2880.o)
 .comment       0x0000000000000288       0x12 board/rt2880/librt2880.a(serial.o)
 .comment       0x000000000000029a       0x12 cpu/ralink_soc/libralink_soc.a(cpu.o)
 .comment       0x00000000000002ac       0x12 lib_mips/libmips.a(mips_linux.o)

.debug_abbrev.1
                0x0000000000000000      0x111
 .debug_abbrev  0x0000000000000000      0x111 lib_mips/libmips.a(time.o)

.debug_info.2   0x0000000000000000      0x1de
 .debug_info    0x0000000000000000      0x1de lib_mips/libmips.a(time.o)

.debug_line.3   0x0000000000000000       0xe0
 .debug_line    0x0000000000000000       0xe0 lib_mips/libmips.a(time.o)

.debug_aranges.4
                0x0000000000000000       0x20
 .debug_aranges
                0x0000000000000000       0x20 lib_mips/libmips.a(time.o)

.debug_abbrev.5
                0x0000000000000000      0x33d
 .debug_abbrev  0x0000000000000000      0x33d net/libnet.a(net.o)

.debug_info.6   0x0000000000000000     0x15d4
 .debug_info    0x0000000000000000     0x15d4 net/libnet.a(net.o)

.debug_line.7   0x0000000000000000      0x6f6
 .debug_line    0x0000000000000000      0x6f6 net/libnet.a(net.o)

.debug_aranges.8
                0x0000000000000000       0x20
 .debug_aranges
                0x0000000000000000       0x20 net/libnet.a(net.o)

.debug_abbrev.9
                0x0000000000000000      0x200
 .debug_abbrev  0x0000000000000000      0x200 net/libnet.a(tftp.o)

.debug_info.10  0x0000000000000000      0x57a
 .debug_info    0x0000000000000000      0x57a net/libnet.a(tftp.o)

.debug_line.11  0x0000000000000000      0x333
 .debug_line    0x0000000000000000      0x333 net/libnet.a(tftp.o)

.debug_aranges.12
                0x0000000000000000       0x20
 .debug_aranges
                0x0000000000000000       0x20 net/libnet.a(tftp.o)

.debug_abbrev.13
                0x0000000000000000      0x226
 .debug_abbrev  0x0000000000000000      0x226 net/libnet.a(eth.o)

.debug_info.14  0x0000000000000000      0x500
 .debug_info    0x0000000000000000      0x500 net/libnet.a(eth.o)

.debug_line.15  0x0000000000000000      0x17c
 .debug_line    0x0000000000000000      0x17c net/libnet.a(eth.o)

.debug_aranges.16
                0x0000000000000000       0x20
 .debug_aranges
                0x0000000000000000       0x20 net/libnet.a(eth.o)

.debug_abbrev.17
                0x0000000000000000      0x16d
 .debug_abbrev  0x0000000000000000      0x16d net/libnet.a(httpd.o)

.debug_info.18  0x0000000000000000      0x345
 .debug_info    0x0000000000000000      0x345 net/libnet.a(httpd.o)

.debug_line.19  0x0000000000000000      0x112
 .debug_line    0x0000000000000000      0x112 net/libnet.a(httpd.o)

.debug_aranges.20
                0x0000000000000000       0x20
 .debug_aranges
                0x0000000000000000       0x20 net/libnet.a(httpd.o)

.debug_abbrev.21
                0x0000000000000000      0x174
 .debug_abbrev  0x0000000000000000      0x174 httpd/libhttpd.a(uip.o)

.debug_info.22  0x0000000000000000      0x527
 .debug_info    0x0000000000000000      0x527 httpd/libhttpd.a(uip.o)

.debug_line.23  0x0000000000000000      0x358
 .debug_line    0x0000000000000000      0x358 httpd/libhttpd.a(uip.o)

.debug_aranges.24
                0x0000000000000000       0x20
 .debug_aranges
                0x0000000000000000       0x20 httpd/libhttpd.a(uip.o)

.debug_abbrev.25
                0x0000000000000000      0x152
 .debug_abbrev  0x0000000000000000      0x152 httpd/libhttpd.a(uip_arch.o)

.debug_info.26  0x0000000000000000      0x21a
 .debug_info    0x0000000000000000      0x21a httpd/libhttpd.a(uip_arch.o)

.debug_line.27  0x0000000000000000      0x18f
 .debug_line    0x0000000000000000      0x18f httpd/libhttpd.a(uip_arch.o)

.debug_aranges.28
                0x0000000000000000       0x20
 .debug_aranges
                0x0000000000000000       0x20 httpd/libhttpd.a(uip_arch.o)

.debug_abbrev.29
                0x0000000000000000      0x174
 .debug_abbrev  0x0000000000000000      0x174 httpd/libhttpd.a(uip_arp.o)

.debug_info.30  0x0000000000000000      0x2fa
 .debug_info    0x0000000000000000      0x2fa httpd/libhttpd.a(uip_arp.o)

.debug_line.31  0x0000000000000000      0x194
 .debug_line    0x0000000000000000      0x194 httpd/libhttpd.a(uip_arp.o)

.debug_aranges.32
                0x0000000000000000       0x20
 .debug_aranges
                0x0000000000000000       0x20 httpd/libhttpd.a(uip_arp.o)

.debug_abbrev.33
                0x0000000000000000      0x1ee
 .debug_abbrev  0x0000000000000000      0x1ee httpd/libhttpd.a(httpd.o)

.debug_info.34  0x0000000000000000      0x556
 .debug_info    0x0000000000000000      0x556 httpd/libhttpd.a(httpd.o)

.debug_line.35  0x0000000000000000      0x25f
 .debug_line    0x0000000000000000      0x25f httpd/libhttpd.a(httpd.o)

.debug_aranges.36
                0x0000000000000000       0x20
 .debug_aranges
                0x0000000000000000       0x20 httpd/libhttpd.a(httpd.o)

.debug_abbrev.37
                0x0000000000000000      0x198
 .debug_abbrev  0x0000000000000000      0x198 httpd/libhttpd.a(fs.o)

.debug_info.38  0x0000000000000000      0x421
 .debug_info    0x0000000000000000      0x421 httpd/libhttpd.a(fs.o)

.debug_line.39  0x0000000000000000       0xcd
 .debug_line    0x0000000000000000       0xcd httpd/libhttpd.a(fs.o)

.debug_aranges.40
                0x0000000000000000       0x20
 .debug_aranges
                0x0000000000000000       0x20 httpd/libhttpd.a(fs.o)

.debug_abbrev.41
                0x0000000000000000      0x2a2
 .debug_abbrev  0x0000000000000000      0x2a2 drivers/libdrivers.a(rt2880_eth.o)

.debug_info.42  0x0000000000000000      0xf8a
 .debug_info    0x0000000000000000      0xf8a drivers/libdrivers.a(rt2880_eth.o)

.debug_line.43  0x0000000000000000      0x40b
 .debug_line    0x0000000000000000      0x40b drivers/libdrivers.a(rt2880_eth.o)

.debug_aranges.44
                0x0000000000000000       0x20
 .debug_aranges
                0x0000000000000000       0x20 drivers/libdrivers.a(rt2880_eth.o)

.debug_abbrev.45
                0x0000000000000000      0x14c
 .debug_abbrev  0x0000000000000000      0x14c drivers/libdrivers.a(mii_mgr.o)

.debug_info.46  0x0000000000000000      0x38c
 .debug_info    0x0000000000000000      0x38c drivers/libdrivers.a(mii_mgr.o)

.debug_line.47  0x0000000000000000      0x1d8
 .debug_line    0x0000000000000000      0x1d8 drivers/libdrivers.a(mii_mgr.o)

.debug_aranges.48
                0x0000000000000000       0x20
 .debug_aranges
                0x0000000000000000       0x20 drivers/libdrivers.a(mii_mgr.o)

.debug_abbrev.49
                0x0000000000000000      0x2b9
 .debug_abbrev  0x0000000000000000      0x2b9 drivers/libdrivers.a(spi_rt6855A_flash.o)

.debug_info.50  0x0000000000000000     0x14f1
 .debug_info    0x0000000000000000     0x14f1 drivers/libdrivers.a(spi_rt6855A_flash.o)

.debug_line.51  0x0000000000000000      0x67e
 .debug_line    0x0000000000000000      0x67e drivers/libdrivers.a(spi_rt6855A_flash.o)

.debug_aranges.52
                0x0000000000000000       0x20
 .debug_aranges
                0x0000000000000000       0x20 drivers/libdrivers.a(spi_rt6855A_flash.o)

.debug_abbrev.53
                0x0000000000000000      0x213
 .debug_abbrev  0x0000000000000000      0x213 common/libcommon.a(main.o)

.debug_info.54  0x0000000000000000      0x4ff
 .debug_info    0x0000000000000000      0x4ff common/libcommon.a(main.o)

.debug_line.55  0x0000000000000000      0x1c3
 .debug_line    0x0000000000000000      0x1c3 common/libcommon.a(main.o)

.debug_aranges.56
                0x0000000000000000       0x20
 .debug_aranges
                0x0000000000000000       0x20 common/libcommon.a(main.o)

.debug_abbrev.57
                0x0000000000000000       0xd9
 .debug_abbrev  0x0000000000000000       0xd9 common/libcommon.a(cmd_boot.o)

.debug_info.58  0x0000000000000000      0x1cc
 .debug_info    0x0000000000000000      0x1cc common/libcommon.a(cmd_boot.o)

.debug_line.59  0x0000000000000000       0xec
 .debug_line    0x0000000000000000       0xec common/libcommon.a(cmd_boot.o)

.debug_aranges.60
                0x0000000000000000       0x20
 .debug_aranges
                0x0000000000000000       0x20 common/libcommon.a(cmd_boot.o)

.debug_abbrev.61
                0x0000000000000000      0x1e7
 .debug_abbrev  0x0000000000000000      0x1e7 common/libcommon.a(cmd_bootm.o)

.debug_info.62  0x0000000000000000      0x5c0
 .debug_info    0x0000000000000000      0x5c0 common/libcommon.a(cmd_bootm.o)

.debug_line.63  0x0000000000000000      0x2fd
 .debug_line    0x0000000000000000      0x2fd common/libcommon.a(cmd_bootm.o)

.debug_aranges.64
                0x0000000000000000       0x20
 .debug_aranges
                0x0000000000000000       0x20 common/libcommon.a(cmd_bootm.o)

.debug_abbrev.65
                0x0000000000000000      0x241
 .debug_abbrev  0x0000000000000000      0x241 common/libcommon.a(cmd_load.o)

.debug_info.66  0x0000000000000000      0x97e
 .debug_info    0x0000000000000000      0x97e common/libcommon.a(cmd_load.o)

.debug_line.67  0x0000000000000000      0x310
 .debug_line    0x0000000000000000      0x310 common/libcommon.a(cmd_load.o)

.debug_aranges.68
                0x0000000000000000       0x20
 .debug_aranges
                0x0000000000000000       0x20 common/libcommon.a(cmd_load.o)

.debug_abbrev.69
                0x0000000000000000      0x191
 .debug_abbrev  0x0000000000000000      0x191 common/libcommon.a(cmd_net.o)

.debug_info.70  0x0000000000000000      0x3fb
 .debug_info    0x0000000000000000      0x3fb common/libcommon.a(cmd_net.o)

.debug_line.71  0x0000000000000000      0x19a
 .debug_line    0x0000000000000000      0x19a common/libcommon.a(cmd_net.o)

.debug_aranges.72
                0x0000000000000000       0x20
 .debug_aranges
                0x0000000000000000       0x20 common/libcommon.a(cmd_net.o)

.debug_abbrev.73
                0x0000000000000000      0x190
 .debug_abbrev  0x0000000000000000      0x190 common/libcommon.a(cmd_mem.o)

.debug_info.74  0x0000000000000000      0x5ee
 .debug_info    0x0000000000000000      0x5ee common/libcommon.a(cmd_mem.o)

.debug_line.75  0x0000000000000000      0x1e0
 .debug_line    0x0000000000000000      0x1e0 common/libcommon.a(cmd_mem.o)

.debug_aranges.76
                0x0000000000000000       0x20
 .debug_aranges
                0x0000000000000000       0x20 common/libcommon.a(cmd_mem.o)

.debug_abbrev.77
                0x0000000000000000      0x252
 .debug_abbrev  0x0000000000000000      0x252 common/libcommon.a(cmd_nvedit.o)

.debug_info.78  0x0000000000000000      0x964
 .debug_info    0x0000000000000000      0x964 common/libcommon.a(cmd_nvedit.o)

.debug_line.79  0x0000000000000000      0x36a
 .debug_line    0x0000000000000000      0x36a common/libcommon.a(cmd_nvedit.o)

.debug_aranges.80
                0x0000000000000000       0x20
 .debug_aranges
                0x0000000000000000       0x20 common/libcommon.a(cmd_nvedit.o)

.debug_abbrev.81
                0x0000000000000000      0x1f2
 .debug_abbrev  0x0000000000000000      0x1f2 common/libcommon.a(command.o)

.debug_info.82  0x0000000000000000      0x44d
 .debug_info    0x0000000000000000      0x44d common/libcommon.a(command.o)

.debug_line.83  0x0000000000000000      0x1b4
 .debug_line    0x0000000000000000      0x1b4 common/libcommon.a(command.o)

.debug_aranges.84
                0x0000000000000000       0x20
 .debug_aranges
                0x0000000000000000       0x20 common/libcommon.a(command.o)

.debug_abbrev.85
                0x0000000000000000      0x27b
 .debug_abbrev  0x0000000000000000      0x27b common/libcommon.a(console.o)

.debug_info.86  0x0000000000000000      0x94a
 .debug_info    0x0000000000000000      0x94a common/libcommon.a(console.o)

.debug_line.87  0x0000000000000000      0x29b
 .debug_line    0x0000000000000000      0x29b common/libcommon.a(console.o)

.debug_aranges.88
                0x0000000000000000       0x20
 .debug_aranges
                0x0000000000000000       0x20 common/libcommon.a(console.o)

.debug_abbrev.89
                0x0000000000000000      0x1a8
 .debug_abbrev  0x0000000000000000      0x1a8 common/libcommon.a(devices.o)

.debug_info.90  0x0000000000000000      0x4f5
 .debug_info    0x0000000000000000      0x4f5 common/libcommon.a(devices.o)

.debug_line.91  0x0000000000000000      0x16a
 .debug_line    0x0000000000000000      0x16a common/libcommon.a(devices.o)

.debug_aranges.92
                0x0000000000000000       0x20
 .debug_aranges
                0x0000000000000000       0x20 common/libcommon.a(devices.o)

.debug_abbrev.93
                0x0000000000000000      0x1de
 .debug_abbrev  0x0000000000000000      0x1de common/libcommon.a(dlmalloc.o)

.debug_info.94  0x0000000000000000      0xc2c
 .debug_info    0x0000000000000000      0xc2c common/libcommon.a(dlmalloc.o)

.debug_line.95  0x0000000000000000      0x3c4
 .debug_line    0x0000000000000000      0x3c4 common/libcommon.a(dlmalloc.o)

.debug_aranges.96
                0x0000000000000000       0x20
 .debug_aranges
                0x0000000000000000       0x20 common/libcommon.a(dlmalloc.o)

.debug_abbrev.97
                0x0000000000000000      0x15f
 .debug_abbrev  0x0000000000000000      0x15f common/libcommon.a(env_common.o)

.debug_info.98  0x0000000000000000      0x383
 .debug_info    0x0000000000000000      0x383 common/libcommon.a(env_common.o)

.debug_line.99  0x0000000000000000      0x123
 .debug_line    0x0000000000000000      0x123 common/libcommon.a(env_common.o)

.debug_aranges.100
                0x0000000000000000       0x20
 .debug_aranges
                0x0000000000000000       0x20 common/libcommon.a(env_common.o)

.debug_abbrev.101
                0x0000000000000000       0xe6
 .debug_abbrev  0x0000000000000000       0xe6 common/libcommon.a(exports.o)

.debug_info.102
                0x0000000000000000      0x23f
 .debug_info    0x0000000000000000      0x23f common/libcommon.a(exports.o)

.debug_line.103
                0x0000000000000000       0xa6
 .debug_line    0x0000000000000000       0xa6 common/libcommon.a(exports.o)

.debug_aranges.104
                0x0000000000000000       0x20
 .debug_aranges
                0x0000000000000000       0x20 common/libcommon.a(exports.o)

.debug_abbrev.105
                0x0000000000000000      0x183
 .debug_abbrev  0x0000000000000000      0x183 common/libcommon.a(lists.o)

.debug_info.106
                0x0000000000000000      0x421
 .debug_info    0x0000000000000000      0x421 common/libcommon.a(lists.o)

.debug_line.107
                0x0000000000000000      0x10e
 .debug_line    0x0000000000000000      0x10e common/libcommon.a(lists.o)

.debug_aranges.108
                0x0000000000000000       0x20
 .debug_aranges
                0x0000000000000000       0x20 common/libcommon.a(lists.o)

.debug_abbrev.109
                0x0000000000000000      0x131
 .debug_abbrev  0x0000000000000000      0x131 common/libcommon.a(env_spi.o)

.debug_info.110
                0x0000000000000000      0x3b2
 .debug_info    0x0000000000000000      0x3b2 common/libcommon.a(env_spi.o)

.debug_line.111
                0x0000000000000000      0x187
 .debug_line    0x0000000000000000      0x187 common/libcommon.a(env_spi.o)

.debug_aranges.112
                0x0000000000000000       0x20
 .debug_aranges
                0x0000000000000000       0x20 common/libcommon.a(env_spi.o)

.debug_abbrev.113
                0x0000000000000000       0xdb
 .debug_abbrev  0x0000000000000000       0xdb lib_generic/libgeneric.a(crc32.o)

.debug_info.114
                0x0000000000000000      0x1dc
 .debug_info    0x0000000000000000      0x1dc lib_generic/libgeneric.a(crc32.o)

.debug_line.115
                0x0000000000000000       0xa1
 .debug_line    0x0000000000000000       0xa1 lib_generic/libgeneric.a(crc32.o)

.debug_aranges.116
                0x0000000000000000       0x20
 .debug_aranges
                0x0000000000000000       0x20 lib_generic/libgeneric.a(crc32.o)

.debug_abbrev.117
                0x0000000000000000       0xc4
 .debug_abbrev  0x0000000000000000       0xc4 lib_generic/libgeneric.a(display_options.o)

.debug_info.118
                0x0000000000000000      0x123
 .debug_info    0x0000000000000000      0x123 lib_generic/libgeneric.a(display_options.o)

.debug_line.119
                0x0000000000000000       0xae
 .debug_line    0x0000000000000000       0xae lib_generic/libgeneric.a(display_options.o)

.debug_aranges.120
                0x0000000000000000       0x20
 .debug_aranges
                0x0000000000000000       0x20 lib_generic/libgeneric.a(display_options.o)

.debug_abbrev.121
                0x0000000000000000      0x101
 .debug_abbrev  0x0000000000000000      0x101 lib_generic/libgeneric.a(string.o)

.debug_info.122
                0x0000000000000000      0x3b6
 .debug_info    0x0000000000000000      0x3b6 lib_generic/libgeneric.a(string.o)

.debug_line.123
                0x0000000000000000      0x134
 .debug_line    0x0000000000000000      0x134 lib_generic/libgeneric.a(string.o)

.debug_aranges.124
                0x0000000000000000       0x20
 .debug_aranges
                0x0000000000000000       0x20 lib_generic/libgeneric.a(string.o)

.debug_abbrev.125
                0x0000000000000000      0x16f
 .debug_abbrev  0x0000000000000000      0x16f lib_generic/libgeneric.a(vsprintf.o)

.debug_info.126
                0x0000000000000000      0x3ac
 .debug_info    0x0000000000000000      0x3ac lib_generic/libgeneric.a(vsprintf.o)

.debug_line.127
                0x0000000000000000      0x1ef
 .debug_line    0x0000000000000000      0x1ef lib_generic/libgeneric.a(vsprintf.o)

.debug_aranges.128
                0x0000000000000000       0x20
 .debug_aranges
                0x0000000000000000       0x20 lib_generic/libgeneric.a(vsprintf.o)

.debug_abbrev.129
                0x0000000000000000      0x17d
 .debug_abbrev  0x0000000000000000      0x17d lib_generic/libgeneric.a(LzmaDecode.o)

.debug_info.130
                0x0000000000000000      0x756
 .debug_info    0x0000000000000000      0x756 lib_generic/libgeneric.a(LzmaDecode.o)

.debug_line.131
                0x0000000000000000      0x21a
 .debug_line    0x0000000000000000      0x21a lib_generic/libgeneric.a(LzmaDecode.o)

.debug_aranges.132
                0x0000000000000000       0x20
 .debug_aranges
                0x0000000000000000       0x20 lib_generic/libgeneric.a(LzmaDecode.o)

.debug_abbrev.133
                0x0000000000000000       0x42
 .debug_abbrev  0x0000000000000000       0x42 lib_generic/libgeneric.a(ctype.o)

.debug_info.134
                0x0000000000000000       0x56
 .debug_info    0x0000000000000000       0x56 lib_generic/libgeneric.a(ctype.o)

.debug_line.135
                0x0000000000000000       0x28
 .debug_line    0x0000000000000000       0x28 lib_generic/libgeneric.a(ctype.o)

.debug_abbrev.136
                0x0000000000000000       0xc9
 .debug_abbrev  0x0000000000000000       0xc9 board/rt2880/librt2880.a(rt2880.o)

.debug_info.137
                0x0000000000000000      0x190
 .debug_info    0x0000000000000000      0x190 board/rt2880/librt2880.a(rt2880.o)

.debug_line.138
                0x0000000000000000       0xc8
 .debug_line    0x0000000000000000       0xc8 board/rt2880/librt2880.a(rt2880.o)

.debug_aranges.139
                0x0000000000000000       0x20
 .debug_aranges
                0x0000000000000000       0x20 board/rt2880/librt2880.a(rt2880.o)

.debug_abbrev.140
                0x0000000000000000       0xcf
 .debug_abbrev  0x0000000000000000       0xcf board/rt2880/librt2880.a(serial.o)

.debug_info.141
                0x0000000000000000      0x151
 .debug_info    0x0000000000000000      0x151 board/rt2880/librt2880.a(serial.o)

.debug_line.142
                0x0000000000000000       0x6e
 .debug_line    0x0000000000000000       0x6e board/rt2880/librt2880.a(serial.o)

.debug_aranges.143
                0x0000000000000000       0x20
 .debug_aranges
                0x0000000000000000       0x20 board/rt2880/librt2880.a(serial.o)

.debug_abbrev.144
                0x0000000000000000       0xc2
 .debug_abbrev  0x0000000000000000       0xc2 cpu/ralink_soc/libralink_soc.a(cpu.o)

.debug_info.145
                0x0000000000000000      0x1b4
 .debug_info    0x0000000000000000      0x1b4 cpu/ralink_soc/libralink_soc.a(cpu.o)

.debug_line.146
                0x0000000000000000       0xc3
 .debug_line    0x0000000000000000       0xc3 cpu/ralink_soc/libralink_soc.a(cpu.o)

.debug_aranges.147
                0x0000000000000000       0x20
 .debug_aranges
                0x0000000000000000       0x20 cpu/ralink_soc/libralink_soc.a(cpu.o)

.debug_abbrev.148
                0x0000000000000000      0x1ee
 .debug_abbrev  0x0000000000000000      0x1ee lib_mips/libmips.a(mips_linux.o)

.debug_info.149
                0x0000000000000000      0x7c5
 .debug_info    0x0000000000000000      0x7c5 lib_mips/libmips.a(mips_linux.o)

.debug_line.150
                0x0000000000000000      0x332
 .debug_line    0x0000000000000000      0x332 lib_mips/libmips.a(mips_linux.o)

.debug_aranges.151
                0x0000000000000000       0x20
 .debug_aranges
                0x0000000000000000       0x20 lib_mips/libmips.a(mips_linux.o)
